Archive member included to satisfy reference by file (symbol)

c:/tools_stm/arm-gcc/bin/../lib/gcc/arm-none-eabi/12.2.1/thumb/v7e-m+fp/hard\libc_nano.a(libc_a-exit.o)
                              c:/tools_stm/arm-gcc/bin/../lib/gcc/arm-none-eabi/12.2.1/thumb/v7e-m+fp/hard/crt0.o (exit)
c:/tools_stm/arm-gcc/bin/../lib/gcc/arm-none-eabi/12.2.1/thumb/v7e-m+fp/hard\libc_nano.a(libc_a-findfp.o)
                              c:/tools_stm/arm-gcc/bin/../lib/gcc/arm-none-eabi/12.2.1/thumb/v7e-m+fp/hard\libc_nano.a(libc_a-exit.o) (__stdio_exit_handler)
c:/tools_stm/arm-gcc/bin/../lib/gcc/arm-none-eabi/12.2.1/thumb/v7e-m+fp/hard\libc_nano.a(libc_a-fwalk.o)
                              c:/tools_stm/arm-gcc/bin/../lib/gcc/arm-none-eabi/12.2.1/thumb/v7e-m+fp/hard\libc_nano.a(libc_a-findfp.o) (_fwalk_sglue)
c:/tools_stm/arm-gcc/bin/../lib/gcc/arm-none-eabi/12.2.1/thumb/v7e-m+fp/hard\libc_nano.a(libc_a-stdio.o)
                              c:/tools_stm/arm-gcc/bin/../lib/gcc/arm-none-eabi/12.2.1/thumb/v7e-m+fp/hard\libc_nano.a(libc_a-findfp.o) (__sread)
c:/tools_stm/arm-gcc/bin/../lib/gcc/arm-none-eabi/12.2.1/thumb/v7e-m+fp/hard\libc_nano.a(libc_a-memset.o)
                              c:/tools_stm/arm-gcc/bin/../lib/gcc/arm-none-eabi/12.2.1/thumb/v7e-m+fp/hard/crt0.o (memset)
c:/tools_stm/arm-gcc/bin/../lib/gcc/arm-none-eabi/12.2.1/thumb/v7e-m+fp/hard\libc_nano.a(libc_a-closer.o)
                              c:/tools_stm/arm-gcc/bin/../lib/gcc/arm-none-eabi/12.2.1/thumb/v7e-m+fp/hard\libc_nano.a(libc_a-stdio.o) (_close_r)
c:/tools_stm/arm-gcc/bin/../lib/gcc/arm-none-eabi/12.2.1/thumb/v7e-m+fp/hard\libc_nano.a(libc_a-reent.o)
                              c:/tools_stm/arm-gcc/bin/../lib/gcc/arm-none-eabi/12.2.1/thumb/v7e-m+fp/hard\libc_nano.a(libc_a-closer.o) (errno)
c:/tools_stm/arm-gcc/bin/../lib/gcc/arm-none-eabi/12.2.1/thumb/v7e-m+fp/hard\libc_nano.a(libc_a-impure.o)
                              c:/tools_stm/arm-gcc/bin/../lib/gcc/arm-none-eabi/12.2.1/thumb/v7e-m+fp/hard\libc_nano.a(libc_a-reent.o) (_impure_ptr)
c:/tools_stm/arm-gcc/bin/../lib/gcc/arm-none-eabi/12.2.1/thumb/v7e-m+fp/hard\libc_nano.a(libc_a-lseekr.o)
                              c:/tools_stm/arm-gcc/bin/../lib/gcc/arm-none-eabi/12.2.1/thumb/v7e-m+fp/hard\libc_nano.a(libc_a-stdio.o) (_lseek_r)
c:/tools_stm/arm-gcc/bin/../lib/gcc/arm-none-eabi/12.2.1/thumb/v7e-m+fp/hard\libc_nano.a(libc_a-readr.o)
                              c:/tools_stm/arm-gcc/bin/../lib/gcc/arm-none-eabi/12.2.1/thumb/v7e-m+fp/hard\libc_nano.a(libc_a-stdio.o) (_read_r)
c:/tools_stm/arm-gcc/bin/../lib/gcc/arm-none-eabi/12.2.1/thumb/v7e-m+fp/hard\libc_nano.a(libc_a-writer.o)
                              c:/tools_stm/arm-gcc/bin/../lib/gcc/arm-none-eabi/12.2.1/thumb/v7e-m+fp/hard\libc_nano.a(libc_a-stdio.o) (_write_r)
c:/tools_stm/arm-gcc/bin/../lib/gcc/arm-none-eabi/12.2.1/thumb/v7e-m+fp/hard\libc_nano.a(libc_a-init.o)
                              c:/tools_stm/arm-gcc/bin/../lib/gcc/arm-none-eabi/12.2.1/thumb/v7e-m+fp/hard/crt0.o (__libc_init_array)
c:/tools_stm/arm-gcc/bin/../lib/gcc/arm-none-eabi/12.2.1/thumb/v7e-m+fp/hard\libc_nano.a(libc_a-lock.o)
                              c:/tools_stm/arm-gcc/bin/../lib/gcc/arm-none-eabi/12.2.1/thumb/v7e-m+fp/hard\libc_nano.a(libc_a-findfp.o) (__retarget_lock_init_recursive)
c:/tools_stm/arm-gcc/bin/../lib/gcc/arm-none-eabi/12.2.1/thumb/v7e-m+fp/hard\libc_nano.a(libc_a-freer.o)
                              c:/tools_stm/arm-gcc/bin/../lib/gcc/arm-none-eabi/12.2.1/thumb/v7e-m+fp/hard\libc_nano.a(libc_a-reent.o) (_free_r)
c:/tools_stm/arm-gcc/bin/../lib/gcc/arm-none-eabi/12.2.1/thumb/v7e-m+fp/hard\libc_nano.a(libc_a-mallocr.o)
                              c:/tools_stm/arm-gcc/bin/../lib/gcc/arm-none-eabi/12.2.1/thumb/v7e-m+fp/hard\libc_nano.a(libc_a-findfp.o) (_malloc_r)
c:/tools_stm/arm-gcc/bin/../lib/gcc/arm-none-eabi/12.2.1/thumb/v7e-m+fp/hard\libc_nano.a(libc_a-mlock.o)
                              c:/tools_stm/arm-gcc/bin/../lib/gcc/arm-none-eabi/12.2.1/thumb/v7e-m+fp/hard\libc_nano.a(libc_a-freer.o) (__malloc_lock)
c:/tools_stm/arm-gcc/bin/../lib/gcc/arm-none-eabi/12.2.1/thumb/v7e-m+fp/hard\libc_nano.a(libc_a-fflush.o)
                              c:/tools_stm/arm-gcc/bin/../lib/gcc/arm-none-eabi/12.2.1/thumb/v7e-m+fp/hard\libc_nano.a(libc_a-findfp.o) (_fflush_r)
c:/tools_stm/arm-gcc/bin/../lib/gcc/arm-none-eabi/12.2.1/thumb/v7e-m+fp/hard\libc_nano.a(libc_a-sbrkr.o)
                              c:/tools_stm/arm-gcc/bin/../lib/gcc/arm-none-eabi/12.2.1/thumb/v7e-m+fp/hard\libc_nano.a(libc_a-mallocr.o) (_sbrk_r)
c:/tools_stm/arm-gcc/bin/../lib/gcc/arm-none-eabi/12.2.1/thumb/v7e-m+fp/hard\libnosys.a(close.o)
                              c:/tools_stm/arm-gcc/bin/../lib/gcc/arm-none-eabi/12.2.1/thumb/v7e-m+fp/hard\libc_nano.a(libc_a-closer.o) (_close)
c:/tools_stm/arm-gcc/bin/../lib/gcc/arm-none-eabi/12.2.1/thumb/v7e-m+fp/hard\libnosys.a(lseek.o)
[...]
Memory Configuration

Name             Origin             Length             Attributes
RAM              0x20000000         0x00030000         xrw
CCMRAM           0x10000000         0x00010000         xrw
FLASH            0x08000000         0x00200000         xr
*default*        0x00000000         0xffffffff

Linker script and memory map

LOAD c:/tools_stm/arm-gcc/bin/../lib/gcc/arm-none-eabi/12.2.1/thumb/v7e-m+fp/hard/crti.o
LOAD c:/tools_stm/arm-gcc/bin/../lib/gcc/arm-none-eabi/12.2.1/thumb/v7e-m+fp/hard/crtbegin.o
LOAD c:/tools_stm/arm-gcc/bin/../lib/gcc/arm-none-eabi/12.2.1/thumb/v7e-m+fp/hard/crt0.o
LOAD build/main.o
LOAD build/gpio.o
LOAD build/usart.o
LOAD build/usb_otg.o
LOAD build/stm32f4xx_it.o
LOAD build/stm32f4xx_hal_msp.o
LOAD build/stm32f4xx_hal_tim.o
LOAD build/stm32f4xx_hal_tim_ex.o
LOAD build/stm32f4xx_hal_uart.o
LOAD build/stm32f4xx_hal_rcc.o
LOAD build/stm32f4xx_hal_rcc_ex.o
LOAD build/stm32f4xx_hal_flash.o
LOAD build/stm32f4xx_hal_flash_ex.o
LOAD build/stm32f4xx_hal_flash_ramfunc.o
LOAD build/stm32f4xx_hal_gpio.o
LOAD build/stm32f4xx_hal_dma_ex.o
LOAD build/stm32f4xx_hal_dma.o
LOAD build/stm32f4xx_hal_pwr.o
LOAD build/stm32f4xx_hal_pwr_ex.o
LOAD build/stm32f4xx_hal_cortex.o
LOAD build/stm32f4xx_hal.o
LOAD build/stm32f4xx_hal_exti.o
LOAD build/stm32f4xx_hal_pcd.o
LOAD build/stm32f4xx_hal_pcd_ex.o
LOAD build/stm32f4xx_ll_usb.o
LOAD build/system_stm32f4xx.o
LOAD build/startup_stm32f429xx.o
LOAD c:/tools_stm/arm-gcc/bin/../lib/gcc/arm-none-eabi/12.2.1/thumb/v7e-m+fp/hard\libc_nano.a
LOAD c:/tools_stm/arm-gcc/bin/../lib/gcc/arm-none-eabi/12.2.1/thumb/v7e-m+fp/hard\libm.a
LOAD c:/tools_stm/arm-gcc/bin/../lib/gcc/arm-none-eabi/12.2.1/thumb/v7e-m+fp/hard\libnosys.a
START GROUP
LOAD c:/tools_stm/arm-gcc/bin/../lib/gcc/arm-none-eabi/12.2.1/thumb/v7e-m+fp/hard\libgcc.a
LOAD c:/tools_stm/arm-gcc/bin/../lib/gcc/arm-none-eabi/12.2.1/thumb/v7e-m+fp/hard\libc_nano.a
END GROUP
START GROUP
LOAD c:/tools_stm/arm-gcc/bin/../lib/gcc/arm-none-eabi/12.2.1/thumb/v7e-m+fp/hard\libgcc.a
LOAD c:/tools_stm/arm-gcc/bin/../lib/gcc/arm-none-eabi/12.2.1/thumb/v7e-m+fp/hard\libc_nano.a
END GROUP
LOAD c:/tools_stm/arm-gcc/bin/../lib/gcc/arm-none-eabi/12.2.1/thumb/v7e-m+fp/hard/crtend.o
LOAD c:/tools_stm/arm-gcc/bin/../lib/gcc/arm-none-eabi/12.2.1/thumb/v7e-m+fp/hard/crtn.o
                0x20030000                _estack = (ORIGIN (RAM) + LENGTH (RAM))
                0x00000200                _Min_Heap_Size = 0x200
                0x00000400                _Min_Stack_Size = 0x400

.isr_vector     0x08000000      0x1ac
                0x08000000                . = ALIGN (0x4)
 *(.isr_vector)
 .isr_vector    0x08000000      0x1ac build/startup_stm32f429xx.o
                0x08000000                g_pfnVectors
                0x080001ac                . = ALIGN (0x4)

.text           0x080001ac     0x18d0
                0x080001ac                . = ALIGN (0x4)
 *(.text)
 .text          0x080001ac       0x30 c:/tools_stm/arm-gcc/bin/../lib/gcc/arm-none-eabi/12.2.1/thumb/v7e-m+fp/hard\libgcc.a(_aeabi_uldivmod.o)
                0x080001ac                __aeabi_uldivmod
 .text          0x080001dc        0x4 c:/tools_stm/arm-gcc/bin/../lib/gcc/arm-none-eabi/12.2.1/thumb/v7e-m+fp/hard\libgcc.a(_dvmd_tls.o)
                0x080001dc                __aeabi_idiv0
                0x080001dc                __aeabi_ldiv0
 *(.text*)
 .text.deregister_tm_clones
                0x080001e0       0x1c c:/tools_stm/arm-gcc/bin/../lib/gcc/arm-none-eabi/12.2.1/thumb/v7e-m+fp/hard/crtbegin.o
 .text.register_tm_clones
                0x080001fc       0x24 c:/tools_stm/arm-gcc/bin/../lib/gcc/arm-none-eabi/12.2.1/thumb/v7e-m+fp/hard/crtbegin.o
 .text.__do_global_dtors_aux
                0x08000220       0x28 c:/tools_stm/arm-gcc/bin/../lib/gcc/arm-none-eabi/12.2.1/thumb/v7e-m+fp/hard/crtbegin.o
 .text.frame_dummy
                0x08000248       0x24 c:/tools_stm/arm-gcc/bin/../lib/gcc/arm-none-eabi/12.2.1/thumb/v7e-m+fp/hard/crtbegin.o
 .text.Error_Handler
                0x0800026c        0x4 build/main.o
                0x0800026c                Error_Handler
 .text.SystemClock_Config
                0x08000270       0xa8 build/main.o
                0x08000270                SystemClock_Config
 .text.main     0x08000318       0x2c build/main.o
                0x08000318                main
 .text.MX_GPIO_Init
                0x08000344      0x118 build/gpio.o
                0x08000344                MX_GPIO_Init
 .text.MX_USART3_UART_Init
                0x0800045c       0x34 build/usart.o
                0x0800045c                MX_USART3_UART_Init
 .text.HAL_UART_MspInit
                0x08000490       0x70 build/usart.o
                0x08000490                HAL_UART_MspInit
 .text.MX_USB_OTG_FS_PCD_Init
                0x08000500       0x38 build/usb_otg.o
                0x08000500                MX_USB_OTG_FS_PCD_Init
 .text.HAL_PCD_MspInit
                0x08000538       0x88 build/usb_otg.o
                0x08000538                HAL_PCD_MspInit
 .text.NMI_Handler
                0x080005c0        0x2 build/stm32f4xx_it.o
                0x080005c0                NMI_Handler
 .text.HardFault_Handler
                0x080005c2        0x2 build/stm32f4xx_it.o
                0x080005c2                HardFault_Handler
 .text.MemManage_Handler
                0x080005c4        0x2 build/stm32f4xx_it.o
                0x080005c4                MemManage_Handler
 .text.BusFault_Handler
                0x080005c6        0x2 build/stm32f4xx_it.o
                0x080005c6                BusFault_Handler
 .text.UsageFault_Handler
                0x080005c8        0x2 build/stm32f4xx_it.o
                0x080005c8                UsageFault_Handler
 .text.SVC_Handler
                0x080005ca        0x2 build/stm32f4xx_it.o
                0x080005ca                SVC_Handler
 .text.DebugMon_Handler
                0x080005cc        0x2 build/stm32f4xx_it.o
                0x080005cc                DebugMon_Handler
 .text.PendSV_Handler
                0x080005ce        0x2 build/stm32f4xx_it.o
                0x080005ce                PendSV_Handler
 .text.SysTick_Handler
                0x080005d0        0x8 build/stm32f4xx_it.o
                0x080005d0                SysTick_Handler
 .text.EXTI15_10_IRQHandler
                0x080005d8        0xc build/stm32f4xx_it.o
                0x080005d8                EXTI15_10_IRQHandler
 .text.HAL_MspInit
                0x080005e4       0x38 build/stm32f4xx_hal_msp.o
                0x080005e4                HAL_MspInit
 .text.UART_SetConfig
                0x0800061c      0x110 build/stm32f4xx_hal_uart.o
 .text.HAL_UART_Init
                0x0800072c       0x5e build/stm32f4xx_hal_uart.o
                0x0800072c                HAL_UART_Init
 *fill*         0x0800078a        0x2 
 .text.HAL_RCC_OscConfig
                0x0800078c      0x3f8 build/stm32f4xx_hal_rcc.o
                0x0800078c                HAL_RCC_OscConfig
 .text.HAL_RCC_GetSysClockFreq
                0x08000b84       0xdc build/stm32f4xx_hal_rcc.o
                0x08000b84                HAL_RCC_GetSysClockFreq
 .text.HAL_RCC_ClockConfig
                0x08000c60      0x160 build/stm32f4xx_hal_rcc.o
                0x08000c60                HAL_RCC_ClockConfig
 .text.HAL_RCC_GetHCLKFreq
                0x08000dc0        0xc build/stm32f4xx_hal_rcc.o
                0x08000dc0                HAL_RCC_GetHCLKFreq
 .text.HAL_RCC_GetPCLK1Freq
                0x08000dcc       0x20 build/stm32f4xx_hal_rcc.o
                0x08000dcc                HAL_RCC_GetPCLK1Freq
 .text.HAL_RCC_GetPCLK2Freq
                0x08000dec       0x20 build/stm32f4xx_hal_rcc.o
                0x08000dec                HAL_RCC_GetPCLK2Freq
 .text.HAL_GPIO_Init
                0x08000e0c      0x208 build/stm32f4xx_hal_gpio.o
                0x08000e0c                HAL_GPIO_Init
 .text.HAL_GPIO_WritePin
                0x08001014        0xc build/stm32f4xx_hal_gpio.o
                0x08001014                HAL_GPIO_WritePin
 .text.HAL_GPIO_TogglePin
                0x08001020       0x12 build/stm32f4xx_hal_gpio.o
                0x08001020                HAL_GPIO_TogglePin
 .text.HAL_GPIO_EXTI_Callback
                0x08001032        0x2 build/stm32f4xx_hal_gpio.o
                0x08001032                HAL_GPIO_EXTI_Callback
 .text.HAL_GPIO_EXTI_IRQHandler
                0x08001034       0x1c build/stm32f4xx_hal_gpio.o
                0x08001034                HAL_GPIO_EXTI_IRQHandler
 .text.__NVIC_SetPriority
                0x08001050       0x28 build/stm32f4xx_hal_cortex.o
 .text.NVIC_EncodePriority
                0x08001078       0x3e build/stm32f4xx_hal_cortex.o
 *fill*         0x080010b6        0x2 
 .text.HAL_NVIC_SetPriorityGrouping
                0x080010b8       0x24 build/stm32f4xx_hal_cortex.o
                0x080010b8                HAL_NVIC_SetPriorityGrouping
 .text.HAL_NVIC_SetPriority
                0x080010dc       0x20 build/stm32f4xx_hal_cortex.o
                0x080010dc                HAL_NVIC_SetPriority
 .text.HAL_NVIC_EnableIRQ
                0x080010fc       0x1c build/stm32f4xx_hal_cortex.o
                0x080010fc                HAL_NVIC_EnableIRQ
 .text.HAL_SYSTICK_Config
                0x08001118       0x28 build/stm32f4xx_hal_cortex.o
                0x08001118                HAL_SYSTICK_Config
 .text.HAL_InitTick
                0x08001140       0x4c build/stm32f4xx_hal.o
                0x08001140                HAL_InitTick
 .text.HAL_Init
                0x0800118c       0x34 build/stm32f4xx_hal.o
                0x0800118c                HAL_Init
 .text.HAL_IncTick
                0x080011c0       0x18 build/stm32f4xx_hal.o
                0x080011c0                HAL_IncTick
 .text.HAL_GetTick
                0x080011d8        0xc build/stm32f4xx_hal.o
                0x080011d8                HAL_GetTick
 .text.HAL_Delay
                0x080011e4       0x28 build/stm32f4xx_hal.o
                0x080011e4                HAL_Delay
 .text.HAL_PCD_Init
                0x0800120c      0x12e build/stm32f4xx_hal_pcd.o
                0x0800120c                HAL_PCD_Init
 *fill*         0x0800133a        0x2 
 .text.USB_CoreReset
                0x0800133c       0x50 build/stm32f4xx_ll_usb.o
 .text.USB_CoreInit
                0x0800138c       0x8a build/stm32f4xx_ll_usb.o
                0x0800138c                USB_CoreInit
 .text.USB_DisableGlobalInt
                0x08001416        0xc build/stm32f4xx_ll_usb.o
                0x08001416                USB_DisableGlobalInt
 *fill*         0x08001422        0x2 
 .text.USB_FlushTxFifo
                0x08001424       0x50 build/stm32f4xx_ll_usb.o
                0x08001424                USB_FlushTxFifo
 .text.USB_FlushRxFifo
                0x08001474       0x4c build/stm32f4xx_ll_usb.o
                0x08001474                USB_FlushRxFifo
 .text.USB_SetDevSpeed
                0x080014c0        0xe build/stm32f4xx_ll_usb.o
                0x080014c0                USB_SetDevSpeed
 *fill*         0x080014ce        0x2 
 .text.USB_DevInit
                0x080014d0      0x190 build/stm32f4xx_ll_usb.o
                0x080014d0                USB_DevInit
 .text.USB_DevDisconnect
                0x08001660       0x1c build/stm32f4xx_ll_usb.o
                0x08001660                USB_DevDisconnect
 .text.USB_GetMode
                0x0800167c        0x8 build/stm32f4xx_ll_usb.o
                0x0800167c                USB_GetMode
 .text.USB_SetCurrentMode
                0x08001684       0x62 build/stm32f4xx_ll_usb.o
                0x08001684                USB_SetCurrentMode
 *fill*         0x080016e6        0x2 
 .text.SystemInit
                0x080016e8       0x14 build/system_stm32f4xx.o
                0x080016e8                SystemInit
 .text.Reset_Handler
                0x080016fc       0x50 build/startup_stm32f429xx.o
                0x080016fc                Reset_Handler
 .text.Default_Handler
                0x0800174c        0x2 build/startup_stm32f429xx.o
                0x0800174c                RTC_Alarm_IRQHandler
                0x0800174c                HASH_RNG_IRQHandler
                0x0800174c                EXTI2_IRQHandler
                0x0800174c                TIM8_CC_IRQHandler
                0x0800174c                UART8_IRQHandler
                0x0800174c                SPI4_IRQHandler
                0x0800174c                TIM1_CC_IRQHandler
                0x0800174c                DMA2_Stream5_IRQHandler
                0x0800174c                DMA1_Stream5_IRQHandler
                0x0800174c                PVD_IRQHandler
                0x0800174c                SDIO_IRQHandler
                0x0800174c                TAMP_STAMP_IRQHandler
                0x0800174c                CAN2_RX1_IRQHandler
                0x0800174c                EXTI3_IRQHandler
                0x0800174c                TIM8_TRG_COM_TIM14_IRQHandler
                0x0800174c                TIM1_UP_TIM10_IRQHandler
                0x0800174c                TIM8_UP_TIM13_IRQHandler
                0x0800174c                I2C3_ER_IRQHandler
                0x0800174c                EXTI0_IRQHandler
                0x0800174c                I2C2_EV_IRQHandler
                0x0800174c                DMA1_Stream2_IRQHandler
                0x0800174c                CAN1_RX0_IRQHandler
                0x0800174c                FPU_IRQHandler
                0x0800174c                OTG_HS_WKUP_IRQHandler
                0x0800174c                LTDC_ER_IRQHandler
                0x0800174c                CAN2_SCE_IRQHandler
                0x0800174c                DMA2_Stream2_IRQHandler
                0x0800174c                SPI1_IRQHandler
                0x0800174c                TIM6_DAC_IRQHandler
                0x0800174c                TIM1_BRK_TIM9_IRQHandler
                0x0800174c                DCMI_IRQHandler
                0x0800174c                CAN2_RX0_IRQHandler
                0x0800174c                DMA2_Stream3_IRQHandler
                0x0800174c                USART6_IRQHandler
                0x0800174c                USART3_IRQHandler
                0x0800174c                CAN1_RX1_IRQHandler
                0x0800174c                UART5_IRQHandler
                0x0800174c                DMA2_Stream0_IRQHandler
                0x0800174c                TIM4_IRQHandler
                0x0800174c                I2C1_EV_IRQHandler
                0x0800174c                DMA1_Stream6_IRQHandler
                0x0800174c                DMA1_Stream1_IRQHandler
                0x0800174c                UART4_IRQHandler
                0x0800174c                TIM3_IRQHandler
                0x0800174c                RCC_IRQHandler
                0x0800174c                TIM8_BRK_TIM12_IRQHandler
                0x0800174c                Default_Handler
                0x0800174c                ADC_IRQHandler
                0x0800174c                DMA1_Stream7_IRQHandler
                0x0800174c                SPI5_IRQHandler
                0x0800174c                TIM7_IRQHandler
                0x0800174c                CAN2_TX_IRQHandler
                0x0800174c                TIM5_IRQHandler
                0x0800174c                DMA2_Stream7_IRQHandler
                0x0800174c                I2C3_EV_IRQHandler
                0x0800174c                EXTI9_5_IRQHandler
                0x0800174c                RTC_WKUP_IRQHandler
                0x0800174c                LTDC_IRQHandler
                0x0800174c                ETH_WKUP_IRQHandler
                0x0800174c                SPI2_IRQHandler
                0x0800174c                OTG_HS_EP1_IN_IRQHandler
                0x0800174c                DMA1_Stream0_IRQHandler
                0x0800174c                CAN1_TX_IRQHandler
                0x0800174c                EXTI4_IRQHandler
                0x0800174c                ETH_IRQHandler
                0x0800174c                OTG_HS_EP1_OUT_IRQHandler
                0x0800174c                WWDG_IRQHandler
                0x0800174c                SPI6_IRQHandler
                0x0800174c                TIM2_IRQHandler
                0x0800174c                OTG_FS_WKUP_IRQHandler
                0x0800174c                TIM1_TRG_COM_TIM11_IRQHandler
                0x0800174c                OTG_HS_IRQHandler
                0x0800174c                DMA2D_IRQHandler
                0x0800174c                EXTI1_IRQHandler
                0x0800174c                UART7_IRQHandler
                0x0800174c                USART2_IRQHandler
                0x0800174c                I2C2_ER_IRQHandler
                0x0800174c                DMA2_Stream1_IRQHandler
                0x0800174c                CAN1_SCE_IRQHandler
                0x0800174c                FLASH_IRQHandler
                0x0800174c                DMA2_Stream4_IRQHandler
                0x0800174c                USART1_IRQHandler
                0x0800174c                OTG_FS_IRQHandler
                0x0800174c                SPI3_IRQHandler
                0x0800174c                DMA1_Stream4_IRQHandler
                0x0800174c                I2C1_ER_IRQHandler
                0x0800174c                FMC_IRQHandler
                0x0800174c                DMA2_Stream6_IRQHandler
                0x0800174c                SAI1_IRQHandler
                0x0800174c                DMA1_Stream3_IRQHandler
 .text.memset   0x0800174e       0x10 c:/tools_stm/arm-gcc/bin/../lib/gcc/arm-none-eabi/12.2.1/thumb/v7e-m+fp/hard\libc_nano.a(libc_a-memset.o)
                0x0800174e                memset
 *fill*         0x0800175e        0x2 
 .text.__libc_init_array
                0x08001760       0x48 c:/tools_stm/arm-gcc/bin/../lib/gcc/arm-none-eabi/12.2.1/thumb/v7e-m+fp/hard\libc_nano.a(libc_a-init.o)
                0x08001760                __libc_init_array
 .text.__udivmoddi4
                0x080017a8      0x2bc c:/tools_stm/arm-gcc/bin/../lib/gcc/arm-none-eabi/12.2.1/thumb/v7e-m+fp/hard\libgcc.a(_udivmoddi4.o)
                0x080017a8                __udivmoddi4
 *(.glue_7)
 .glue_7        0x08001a64        0x0 linker stubs
 *(.glue_7t)
 .glue_7t       0x08001a64        0x0 linker stubs
 *(.eh_frame)
 .eh_frame      0x08001a64        0x0 c:/tools_stm/arm-gcc/bin/../lib/gcc/arm-none-eabi/12.2.1/thumb/v7e-m+fp/hard/crtbegin.o
 *(.init)
 .init          0x08001a64        0x4 c:/tools_stm/arm-gcc/bin/../lib/gcc/arm-none-eabi/12.2.1/thumb/v7e-m+fp/hard/crti.o
                0x08001a64                _init
 .init          0x08001a68        0x8 c:/tools_stm/arm-gcc/bin/../lib/gcc/arm-none-eabi/12.2.1/thumb/v7e-m+fp/hard/crtn.o
 *(.fini)
 .fini          0x08001a70        0x4 c:/tools_stm/arm-gcc/bin/../lib/gcc/arm-none-eabi/12.2.1/thumb/v7e-m+fp/hard/crti.o
                0x08001a70                _fini
 .fini          0x08001a74        0x8 c:/tools_stm/arm-gcc/bin/../lib/gcc/arm-none-eabi/12.2.1/thumb/v7e-m+fp/hard/crtn.o
                0x08001a7c                . = ALIGN (0x4)
                0x08001a7c                _etext = .

.vfp11_veneer   0x08001a7c        0x0
 .vfp11_veneer  0x08001a7c        0x0 linker stubs

.v4_bx          0x08001a7c        0x0
 .v4_bx         0x08001a7c        0x0 linker stubs

.iplt           0x08001a7c        0x0
 .iplt          0x08001a7c        0x0 c:/tools_stm/arm-gcc/bin/../lib/gcc/arm-none-eabi/12.2.1/thumb/v7e-m+fp/hard/crtbegin.o

.rodata         0x08001a7c       0x18
                0x08001a7c                . = ALIGN (0x4)
 *(.rodata)
 *(.rodata*)
 .rodata.APBPrescTable
                0x08001a7c        0x8 build/system_stm32f4xx.o
                0x08001a7c                APBPrescTable
 .rodata.AHBPrescTable
                0x08001a84       0x10 build/system_stm32f4xx.o
                0x08001a84                AHBPrescTable
                0x08001a94                . = ALIGN (0x4)

.ARM.extab
 *(.ARM.extab* .gnu.linkonce.armextab.*)

.ARM            0x08001a94        0x8
                0x08001a94                __exidx_start = .
 *(.ARM.exidx*)
 .ARM.exidx.text.__udivmoddi4
                0x08001a94        0x8 c:/tools_stm/arm-gcc/bin/../lib/gcc/arm-none-eabi/12.2.1/thumb/v7e-m+fp/hard\libgcc.a(_udivmoddi4.o)
                0x08001a9c                __exidx_end = .

.rel.dyn        0x08001a9c        0x0
 .rel.iplt      0x08001a9c        0x0 c:/tools_stm/arm-gcc/bin/../lib/gcc/arm-none-eabi/12.2.1/thumb/v7e-m+fp/hard/crtbegin.o

.preinit_array  0x08001a9c        0x0
                0x08001a9c                PROVIDE (__preinit_array_start = .)
 *(.preinit_array*)
                0x08001a9c                PROVIDE (__preinit_array_end = .)

.init_array     0x08001a9c        0x4
                0x08001a9c                PROVIDE (__init_array_start = .)
 *(SORT_BY_NAME(.init_array.*))
 *(.init_array*)
 .init_array    0x08001a9c        0x4 c:/tools_stm/arm-gcc/bin/../lib/gcc/arm-none-eabi/12.2.1/thumb/v7e-m+fp/hard/crtbegin.o
                0x08001aa0                PROVIDE (__init_array_end = .)

.fini_array     0x08001aa0        0x4
                [!provide]                PROVIDE (__fini_array_start = .)
 *(SORT_BY_NAME(.fini_array.*))
 *(.fini_array*)
 .fini_array    0x08001aa0        0x4 c:/tools_stm/arm-gcc/bin/../lib/gcc/arm-none-eabi/12.2.1/thumb/v7e-m+fp/hard/crtbegin.o
                [!provide]                PROVIDE (__fini_array_end = .)
                0x08001aa4                _sidata = LOADADDR (.data)

.data           0x20000000        0xc load address 0x08001aa4
                0x20000000                . = ALIGN (0x4)
                0x20000000                _sdata = .
 *(.data)
 *(.data*)
 .data.uwTickFreq
                0x20000000        0x1 build/stm32f4xx_hal.o
                0x20000000                uwTickFreq
 *fill*         0x20000001        0x3 
 .data.uwTickPrio
                0x20000004        0x4 build/stm32f4xx_hal.o
                0x20000004                uwTickPrio
 .data.SystemCoreClock
                0x20000008        0x4 build/system_stm32f4xx.o
                0x20000008                SystemCoreClock
                0x2000000c                . = ALIGN (0x4)
                0x2000000c                _edata = .
                0x08001ab0                _siccmram = LOADADDR (.ccmram)

.tm_clone_table
                0x2000000c        0x0 load address 0x08001ab0
 .tm_clone_table
                0x2000000c        0x0 c:/tools_stm/arm-gcc/bin/../lib/gcc/arm-none-eabi/12.2.1/thumb/v7e-m+fp/hard/crtbegin.o
 .tm_clone_table
                0x2000000c        0x0 c:/tools_stm/arm-gcc/bin/../lib/gcc/arm-none-eabi/12.2.1/thumb/v7e-m+fp/hard/crtend.o

.igot.plt       0x2000000c        0x0 load address 0x08001ab0
 .igot.plt      0x2000000c        0x0 c:/tools_stm/arm-gcc/bin/../lib/gcc/arm-none-eabi/12.2.1/thumb/v7e-m+fp/hard/crtbegin.o

.ccmram         0x10000000        0x0 load address 0x08001ab0
                0x10000000                . = ALIGN (0x4)
                0x10000000                _sccmram = .
 *(.ccmram)
 *(.ccmram*)
                0x10000000                . = ALIGN (0x4)
                0x10000000                _eccmram = .
                0x10000000                . = ALIGN (0x4)

.bss            0x2000000c      0x570
                0x2000000c                _sbss = .
                0x2000000c                __bss_start__ = _sbss
 *(.bss)
 *(.bss*)
 .bss.completed.1
                0x2000000c        0x1 c:/tools_stm/arm-gcc/bin/../lib/gcc/arm-none-eabi/12.2.1/thumb/v7e-m+fp/hard/crtbegin.o
 *fill*         0x2000000d        0x3 
 .bss.object.0  0x20000010       0x18 c:/tools_stm/arm-gcc/bin/../lib/gcc/arm-none-eabi/12.2.1/thumb/v7e-m+fp/hard/crtbegin.o
 .bss.huart3    0x20000028       0x44 build/usart.o
                0x20000028                huart3
 .bss.hpcd_USB_OTG_FS
                0x2000006c      0x50c build/usb_otg.o
                0x2000006c                hpcd_USB_OTG_FS
 .bss.uwTick    0x20000578        0x4 build/stm32f4xx_hal.o
                0x20000578                uwTick
 *(COMMON)
                0x2000057c                . = ALIGN (0x4)
                0x2000057c                _ebss = .
                0x2000057c                __bss_end__ = _ebss

._user_heap_stack
                0x2000057c      0x604
                0x20000580                . = ALIGN (0x8)
 *fill*         0x2000057c        0x4 
                0x20000580                PROVIDE (end = .)
                [!provide]                PROVIDE (_end = .)
                0x20000780                . = (. + _Min_Heap_Size)
 *fill*         0x20000580      0x200 
                0x20000b80                . = (. + _Min_Stack_Size)
 *fill*         0x20000780      0x400 
                0x20000b80                . = ALIGN (0x8)

/DISCARD/
 libc.a(*)
 libm.a(*)
 libgcc.a(*)

.ARM.attributes
                0x00000000       0x30
 *(.ARM.attributes)
 .ARM.attributes
                0x00000000       0x22 c:/tools_stm/arm-gcc/bin/../lib/gcc/arm-none-eabi/12.2.1/thumb/v7e-m+fp/hard/crti.o
 .ARM.attributes
                0x00000022       0x34 c:/tools_stm/arm-gcc/bin/../lib/gcc/arm-none-eabi/12.2.1/thumb/v7e-m+fp/hard/crtbegin.o
 .ARM.attributes
                0x00000056       0x34 build/main.o
 .ARM.attributes
                0x0000008a       0x34 build/gpio.o
 .ARM.attributes
                0x000000be       0x34 build/usart.o
 .ARM.attributes
                0x000000f2       0x34 build/usb_otg.o
 .ARM.attributes
                0x00000126       0x34 build/stm32f4xx_it.o
 .ARM.attributes
                0x0000015a       0x34 build/stm32f4xx_hal_msp.o
 .ARM.attributes
                0x0000018e       0x34 build/stm32f4xx_hal_uart.o
 .ARM.attributes
                0x000001c2       0x34 build/stm32f4xx_hal_rcc.o
 .ARM.attributes
                0x000001f6       0x34 build/stm32f4xx_hal_gpio.o
 .ARM.attributes
                0x0000022a       0x34 build/stm32f4xx_hal_cortex.o
 .ARM.attributes
                0x0000025e       0x34 build/stm32f4xx_hal.o
 .ARM.attributes
                0x00000292       0x34 build/stm32f4xx_hal_pcd.o
 .ARM.attributes
                0x000002c6       0x34 build/stm32f4xx_ll_usb.o
 .ARM.attributes
                0x000002fa       0x34 build/system_stm32f4xx.o
 .ARM.attributes
                0x0000032e       0x21 build/startup_stm32f429xx.o
 .ARM.attributes
                0x0000034f       0x34 c:/tools_stm/arm-gcc/bin/../lib/gcc/arm-none-eabi/12.2.1/thumb/v7e-m+fp/hard\libc_nano.a(libc_a-memset.o)
 .ARM.attributes
                0x00000383       0x34 c:/tools_stm/arm-gcc/bin/../lib/gcc/arm-none-eabi/12.2.1/thumb/v7e-m+fp/hard\libc_nano.a(libc_a-init.o)
 .ARM.attributes
                0x000003b7       0x22 c:/tools_stm/arm-gcc/bin/../lib/gcc/arm-none-eabi/12.2.1/thumb/v7e-m+fp/hard\libgcc.a(_aeabi_uldivmod.o)
 .ARM.attributes
                0x000003d9       0x34 c:/tools_stm/arm-gcc/bin/../lib/gcc/arm-none-eabi/12.2.1/thumb/v7e-m+fp/hard\libgcc.a(_udivmoddi4.o)
 .ARM.attributes
                0x0000040d       0x22 c:/tools_stm/arm-gcc/bin/../lib/gcc/arm-none-eabi/12.2.1/thumb/v7e-m+fp/hard\libgcc.a(_dvmd_tls.o)
 .ARM.attributes
                0x0000042f       0x34 c:/tools_stm/arm-gcc/bin/../lib/gcc/arm-none-eabi/12.2.1/thumb/v7e-m+fp/hard/crtend.o
 .ARM.attributes
                0x00000463       0x22 c:/tools_stm/arm-gcc/bin/../lib/gcc/arm-none-eabi/12.2.1/thumb/v7e-m+fp/hard/crtn.o
OUTPUT(build/ultimateProject.elf elf32-littlearm)
LOAD linker stubs
LOAD c:/tools_stm/arm-gcc/bin/../lib/gcc/arm-none-eabi/12.2.1/thumb/v7e-m+fp/hard\libc.a
LOAD c:/tools_stm/arm-gcc/bin/../lib/gcc/arm-none-eabi/12.2.1/thumb/v7e-m+fp/hard\libm.a
LOAD c:/tools_stm/arm-gcc/bin/../lib/gcc/arm-none-eabi/12.2.1/thumb/v7e-m+fp/hard\libgcc.a

.debug_info     0x00000000     0xe795
 .debug_info    0x00000000      0x7a8 build/main.o
 .debug_info    0x000007a8      0x8b0 build/gpio.o
 .debug_info    0x00001058      0xb16 build/usart.o
 .debug_info    0x00001b6e      0xb1f build/usb_otg.o
 .debug_info    0x0000268d      0x1b1 build/stm32f4xx_it.o
 .debug_info    0x0000283e      0x30d build/stm32f4xx_hal_msp.o
 .debug_info    0x00002b4b     0x4425 build/stm32f4xx_hal_uart.o
 .debug_info    0x00006f70      0xc2c build/stm32f4xx_hal_rcc.o
 .debug_info    0x00007b9c      0x86a build/stm32f4xx_hal_gpio.o
 .debug_info    0x00008406     0x1190 build/stm32f4xx_hal_cortex.o
 .debug_info    0x00009596      0xb80 build/stm32f4xx_hal.o
 .debug_info    0x0000a116     0x1f23 build/stm32f4xx_hal_pcd.o
 .debug_info    0x0000c039     0x2157 build/stm32f4xx_ll_usb.o
 .debug_info    0x0000e190      0x5d5 build/system_stm32f4xx.o
 .debug_info    0x0000e765       0x30 build/startup_stm32f429xx.o

.debug_abbrev   0x00000000     0x1f4f
 .debug_abbrev  0x00000000      0x21f build/main.o
 .debug_abbrev  0x0000021f      0x17e build/gpio.o
 .debug_abbrev  0x0000039d      0x20f build/usart.o
 .debug_abbrev  0x000005ac      0x20c build/usb_otg.o
 .debug_abbrev  0x000007b8       0xc2 build/stm32f4xx_it.o
 .debug_abbrev  0x0000087a       0xd3 build/stm32f4xx_hal_msp.o
 .debug_abbrev  0x0000094d      0x36f build/stm32f4xx_hal_uart.o
 .debug_abbrev  0x00000cbc      0x2de build/stm32f4xx_hal_rcc.o
 .debug_abbrev  0x00000f9a      0x22b build/stm32f4xx_hal_gpio.o
 .debug_abbrev  0x000011c5      0x3d3 build/stm32f4xx_hal_cortex.o
 .debug_abbrev  0x00001598      0x244 build/stm32f4xx_hal.o
 .debug_abbrev  0x000017dc      0x2fe build/stm32f4xx_hal_pcd.o
 .debug_abbrev  0x00001ada      0x33d build/stm32f4xx_ll_usb.o
 .debug_abbrev  0x00001e17      0x11b build/system_stm32f4xx.o
 .debug_abbrev  0x00001f32       0x1d build/startup_stm32f429xx.o

.debug_loc      0x00000000     0xaa8a
 .debug_loc     0x00000000       0x66 build/main.o
 .debug_loc     0x00000066       0x39 build/gpio.o
 .debug_loc     0x0000009f      0x108 build/usart.o
 .debug_loc     0x000001a7      0x108 build/usb_otg.o
 .debug_loc     0x000002af       0x40 build/stm32f4xx_it.o
 .debug_loc     0x000002ef       0x2c build/stm32f4xx_hal_msp.o
 .debug_loc     0x0000031b     0x4ff2 build/stm32f4xx_hal_uart.o
 .debug_loc     0x0000530d      0x6e4 build/stm32f4xx_hal_rcc.o
 .debug_loc     0x000059f1      0x5db build/stm32f4xx_hal_gpio.o
 .debug_loc     0x00005fcc      0x7a7 build/stm32f4xx_hal_cortex.o
 .debug_loc     0x00006773      0x1e1 build/stm32f4xx_hal.o
 .debug_loc     0x00006954     0x1766 build/stm32f4xx_hal_pcd.o
 .debug_loc     0x000080ba     0x2878 build/stm32f4xx_ll_usb.o
 .debug_loc     0x0000a932      0x158 build/system_stm32f4xx.o

.debug_aranges  0x00000000      0x928
 .debug_aranges
                0x00000000       0x30 build/main.o
 .debug_aranges
                0x00000030       0x20 build/gpio.o
 .debug_aranges
                0x00000050       0x30 build/usart.o
 .debug_aranges
                0x00000080       0x30 build/usb_otg.o
 .debug_aranges
                0x000000b0       0x68 build/stm32f4xx_it.o
 .debug_aranges
                0x00000118       0x20 build/stm32f4xx_hal_msp.o
 .debug_aranges
                0x00000138      0x200 build/stm32f4xx_hal_uart.o
 .debug_aranges
                0x00000338       0x88 build/stm32f4xx_hal_rcc.o
 .debug_aranges
                0x000003c0       0x58 build/stm32f4xx_hal_gpio.o
 .debug_aranges
                0x00000418       0xd8 build/stm32f4xx_hal_cortex.o
 .debug_aranges
                0x000004f0      0x100 build/stm32f4xx_hal.o
 .debug_aranges
                0x000005f0      0x148 build/stm32f4xx_hal_pcd.o
 .debug_aranges
                0x00000738      0x1a0 build/stm32f4xx_ll_usb.o
 .debug_aranges
                0x000008d8       0x28 build/system_stm32f4xx.o
 .debug_aranges
                0x00000900       0x28 build/startup_stm32f429xx.o

.debug_ranges   0x00000000      0x870
 .debug_ranges  0x00000000       0x20 build/main.o
 .debug_ranges  0x00000020       0x10 build/gpio.o
 .debug_ranges  0x00000030       0x20 build/usart.o
 .debug_ranges  0x00000050       0x20 build/usb_otg.o
 .debug_ranges  0x00000070       0x58 build/stm32f4xx_it.o
 .debug_ranges  0x000000c8       0x10 build/stm32f4xx_hal_msp.o
 .debug_ranges  0x000000d8      0x208 build/stm32f4xx_hal_uart.o
 .debug_ranges  0x000002e0       0x90 build/stm32f4xx_hal_rcc.o
 .debug_ranges  0x00000370       0x48 build/stm32f4xx_hal_gpio.o
 .debug_ranges  0x000003b8       0xc8 build/stm32f4xx_hal_cortex.o
 .debug_ranges  0x00000480       0xf0 build/stm32f4xx_hal.o
 .debug_ranges  0x00000570      0x138 build/stm32f4xx_hal_pcd.o
 .debug_ranges  0x000006a8      0x190 build/stm32f4xx_ll_usb.o
 .debug_ranges  0x00000838       0x18 build/system_stm32f4xx.o
 .debug_ranges  0x00000850       0x20 build/startup_stm32f429xx.o

.debug_line     0x00000000     0xa885
 .debug_line    0x00000000      0x2fc build/main.o
 .debug_line    0x000002fc      0x1fc build/gpio.o
 .debug_line    0x000004f8      0x289 build/usart.o
 .debug_line    0x00000781      0x2ca build/usb_otg.o
 .debug_line    0x00000a4b      0x22b build/stm32f4xx_it.o
 .debug_line    0x00000c76      0x11e build/stm32f4xx_hal_msp.o
 .debug_line    0x00000d94     0x45a4 build/stm32f4xx_hal_uart.o
 .debug_line    0x00005338      0xacc build/stm32f4xx_hal_rcc.o
 .debug_line    0x00005e04      0x69b build/stm32f4xx_hal_gpio.o
 .debug_line    0x0000649f      0x7da build/stm32f4xx_hal_cortex.o
 .debug_line    0x00006c79      0x567 build/stm32f4xx_hal.o
 .debug_line    0x000071e0     0x154b build/stm32f4xx_hal_pcd.o
 .debug_line    0x0000872b     0x1ecd build/stm32f4xx_ll_usb.o
 .debug_line    0x0000a5f8      0x217 build/system_stm32f4xx.o
 .debug_line    0x0000a80f       0x76 build/startup_stm32f429xx.o

.debug_str      0x00000000     0x316f
 .debug_str     0x00000000      0x4a8 build/main.o
                                0x502 (size before relaxing)
 .debug_str     0x000004a8      0x60e build/gpio.o
                                0x8e4 (size before relaxing)
 .debug_str     0x00000ab6      0x448 build/usart.o
                                0x7f4 (size before relaxing)
 .debug_str     0x00000efe      0x3b6 build/usb_otg.o
                                0x798 (size before relaxing)
 .debug_str     0x000012b4       0xe2 build/stm32f4xx_it.o
                                0x244 (size before relaxing)
 .debug_str     0x00001396       0x29 build/stm32f4xx_hal_msp.o
                                0x2a1 (size before relaxing)
 .debug_str     0x000013bf      0x6ae build/stm32f4xx_hal_uart.o
                                0xd2c (size before relaxing)
 .debug_str     0x00001a6d      0x1c8 build/stm32f4xx_hal_rcc.o
                                0x6ec (size before relaxing)
 .debug_str     0x00001c35       0xeb build/stm32f4xx_hal_gpio.o
                                0x4c6 (size before relaxing)
 .debug_str     0x00001d20      0x4d8 build/stm32f4xx_hal_cortex.o
                                0xc63 (size before relaxing)
 .debug_str     0x000021f8      0x2d0 build/stm32f4xx_hal.o
                                0xbe9 (size before relaxing)
 .debug_str     0x000024c8      0x7ed build/stm32f4xx_hal_pcd.o
                                0xdbc (size before relaxing)
 .debug_str     0x00002cb5      0x441 build/stm32f4xx_ll_usb.o
                                0xc72 (size before relaxing)
 .debug_str     0x000030f6       0x47 build/system_stm32f4xx.o
                                0x35b (size before relaxing)
 .debug_str     0x0000313d       0x32 build/startup_stm32f429xx.o
                                 0x55 (size before relaxing)

.comment        0x00000000       0x45
 .comment       0x00000000       0x45 build/main.o
                                 0x46 (size before relaxing)
 .comment       0x00000045       0x46 build/gpio.o
 .comment       0x00000045       0x46 build/usart.o
 .comment       0x00000045       0x46 build/usb_otg.o
 .comment       0x00000045       0x46 build/stm32f4xx_it.o
 .comment       0x00000045       0x46 build/stm32f4xx_hal_msp.o
 .comment       0x00000045       0x46 build/stm32f4xx_hal_uart.o
 .comment       0x00000045       0x46 build/stm32f4xx_hal_rcc.o
 .comment       0x00000045       0x46 build/stm32f4xx_hal_gpio.o
 .comment       0x00000045       0x46 build/stm32f4xx_hal_cortex.o
 .comment       0x00000045       0x46 build/stm32f4xx_hal.o
 .comment       0x00000045       0x46 build/stm32f4xx_hal_pcd.o
 .comment       0x00000045       0x46 build/stm32f4xx_ll_usb.o
 .comment       0x00000045       0x46 build/system_stm32f4xx.o

.debug_frame    0x00000000     0x1718
 .debug_frame   0x00000000       0x58 build/main.o
 .debug_frame   0x00000058       0x34 build/gpio.o
 .debug_frame   0x0000008c       0x60 build/usart.o
 .debug_frame   0x000000ec       0x64 build/usb_otg.o
 .debug_frame   0x00000150       0xc0 build/stm32f4xx_it.o
 .debug_frame   0x00000210       0x28 build/stm32f4xx_hal_msp.o
 .debug_frame   0x00000238      0x5c4 build/stm32f4xx_hal_uart.o
 .debug_frame   0x000007fc      0x16c build/stm32f4xx_hal_rcc.o
 .debug_frame   0x00000968       0xd8 build/stm32f4xx_hal_gpio.o
 .debug_frame   0x00000a40      0x1cc build/stm32f4xx_hal_cortex.o
 .debug_frame   0x00000c0c      0x20c build/stm32f4xx_hal.o
 .debug_frame   0x00000e18      0x388 build/stm32f4xx_hal_pcd.o
 .debug_frame   0x000011a0      0x49c build/stm32f4xx_ll_usb.o
 .debug_frame   0x0000163c       0x30 build/system_stm32f4xx.o
 .debug_frame   0x0000166c       0x20 c:/tools_stm/arm-gcc/bin/../lib/gcc/arm-none-eabi/12.2.1/thumb/v7e-m+fp/hard\libc_nano.a(libc_a-memset.o)
 .debug_frame   0x0000168c       0x2c c:/tools_stm/arm-gcc/bin/../lib/gcc/arm-none-eabi/12.2.1/thumb/v7e-m+fp/hard\libc_nano.a(libc_a-init.o)
 .debug_frame   0x000016b8       0x2c c:/tools_stm/arm-gcc/bin/../lib/gcc/arm-none-eabi/12.2.1/thumb/v7e-m+fp/hard\libgcc.a(_aeabi_uldivmod.o)
 .debug_frame   0x000016e4       0x34 c:/tools_stm/arm-gcc/bin/../lib/gcc/arm-none-eabi/12.2.1/thumb/v7e-m+fp/hard\libgcc.a(_udivmoddi4.o)

.debug_line_str
                0x00000000       0xd5
 .debug_line_str
                0x00000000       0xc9 c:/tools_stm/arm-gcc/bin/../lib/gcc/arm-none-eabi/12.2.1/thumb/v7e-m+fp/hard\libgcc.a(_aeabi_uldivmod.o)
 .debug_line_str
                0x000000c9        0xc c:/tools_stm/arm-gcc/bin/../lib/gcc/arm-none-eabi/12.2.1/thumb/v7e-m+fp/hard\libgcc.a(_dvmd_tls.o)
                                 0xcd (size before relaxing)

Cross Reference Table

Symbol                                            File
ADC_IRQHandler                                    build/startup_stm32f429xx.o
AHBPrescTable                                     build/system_stm32f4xx.o
                                                  build/stm32f4xx_hal_rcc.o
APBPrescTable                                     build/system_stm32f4xx.o
                                                  build/stm32f4xx_hal_rcc.o
BusFault_Handler                                  build/stm32f4xx_it.o
CAN1_RX0_IRQHandler                               build/startup_stm32f429xx.o
CAN1_RX1_IRQHandler                               build/startup_stm32f429xx.o
CAN1_SCE_IRQHandler                               build/startup_stm32f429xx.o
CAN1_TX_IRQHandler                                build/startup_stm32f429xx.o
CAN2_RX0_IRQHandler                               build/startup_stm32f429xx.o
CAN2_RX1_IRQHandler                               build/startup_stm32f429xx.o
CAN2_SCE_IRQHandler                               build/startup_stm32f429xx.o
CAN2_TX_IRQHandler                                build/startup_stm32f429xx.o
DCMI_IRQHandler                                   build/startup_stm32f429xx.o
DMA1_Stream0_IRQHandler                           build/startup_stm32f429xx.o
DMA1_Stream1_IRQHandler                           build/startup_stm32f429xx.o
DMA1_Stream2_IRQHandler                           build/startup_stm32f429xx.o
DMA1_Stream3_IRQHandler                           build/startup_stm32f429xx.o
DMA1_Stream4_IRQHandler                           build/startup_stm32f429xx.o
DMA1_Stream5_IRQHandler                           build/startup_stm32f429xx.o
DMA1_Stream6_IRQHandler                           build/startup_stm32f429xx.o
DMA1_Stream7_IRQHandler                           build/startup_stm32f429xx.o
DMA2D_IRQHandler                                  build/startup_stm32f429xx.o
DMA2_Stream0_IRQHandler                           build/startup_stm32f429xx.o
DMA2_Stream1_IRQHandler                           build/startup_stm32f429xx.o
DMA2_Stream2_IRQHandler                           build/startup_stm32f429xx.o
DMA2_Stream3_IRQHandler                           build/startup_stm32f429xx.o
DMA2_Stream4_IRQHandler                           build/startup_stm32f429xx.o
DMA2_Stream5_IRQHandler                           build/startup_stm32f429xx.o
DMA2_Stream6_IRQHandler                           build/startup_stm32f429xx.o
DMA2_Stream7_IRQHandler                           build/startup_stm32f429xx.o
DebugMon_Handler                                  build/stm32f4xx_it.o
Default_Handler                                   build/startup_stm32f429xx.o
ETH_IRQHandler                                    build/startup_stm32f429xx.o
ETH_WKUP_IRQHandler                               build/startup_stm32f429xx.o
EXTI0_IRQHandler                                  build/startup_stm32f429xx.o
EXTI15_10_IRQHandler                              build/stm32f4xx_it.o
EXTI1_IRQHandler                                  build/startup_stm32f429xx.o
EXTI2_IRQHandler                                  build/startup_stm32f429xx.o
EXTI3_IRQHandler                                  build/startup_stm32f429xx.o
EXTI4_IRQHandler                                  build/startup_stm32f429xx.o
EXTI9_5_IRQHandler                                build/startup_stm32f429xx.o
Error_Handler                                     build/main.o
                                                  build/usb_otg.o
                                                  build/usart.o
FLASH_Erase_Sector                                build/stm32f4xx_hal_flash_ex.o
                                                  build/stm32f4xx_hal_flash.o
FLASH_FlushCaches                                 build/stm32f4xx_hal_flash_ex.o
                                                  build/stm32f4xx_hal_flash.o
FLASH_IRQHandler                                  build/startup_stm32f429xx.o
FLASH_WaitForLastOperation                        build/stm32f4xx_hal_flash.o
                                                  build/stm32f4xx_hal_flash_ex.o
FMC_IRQHandler                                    build/startup_stm32f429xx.o
FPU_IRQHandler                                    build/startup_stm32f429xx.o
HAL_DBGMCU_DisableDBGSleepMode                    build/stm32f4xx_hal.o
HAL_DBGMCU_DisableDBGStandbyMode                  build/stm32f4xx_hal.o
HAL_DBGMCU_DisableDBGStopMode                     build/stm32f4xx_hal.o
HAL_DBGMCU_EnableDBGSleepMode                     build/stm32f4xx_hal.o
HAL_DBGMCU_EnableDBGStandbyMode                   build/stm32f4xx_hal.o
HAL_DBGMCU_EnableDBGStopMode                      build/stm32f4xx_hal.o
HAL_DMAEx_ChangeMemory                            build/stm32f4xx_hal_dma_ex.o
HAL_DMAEx_MultiBufferStart                        build/stm32f4xx_hal_dma_ex.o
HAL_DMAEx_MultiBufferStart_IT                     build/stm32f4xx_hal_dma_ex.o
HAL_DMA_Abort                                     build/stm32f4xx_hal_dma.o
                                                  build/stm32f4xx_hal_uart.o
HAL_DMA_Abort_IT                                  build/stm32f4xx_hal_dma.o
                                                  build/stm32f4xx_hal_uart.o
HAL_DMA_DeInit                                    build/stm32f4xx_hal_dma.o
HAL_DMA_GetError                                  build/stm32f4xx_hal_dma.o
                                                  build/stm32f4xx_hal_uart.o
HAL_DMA_GetState                                  build/stm32f4xx_hal_dma.o
HAL_DMA_IRQHandler                                build/stm32f4xx_hal_dma.o
HAL_DMA_Init                                      build/stm32f4xx_hal_dma.o
HAL_DMA_PollForTransfer                           build/stm32f4xx_hal_dma.o
HAL_DMA_RegisterCallback                          build/stm32f4xx_hal_dma.o
HAL_DMA_Start                                     build/stm32f4xx_hal_dma.o
HAL_DMA_Start_IT                                  build/stm32f4xx_hal_dma.o
                                                  build/stm32f4xx_hal_uart.o
HAL_DMA_UnRegisterCallback                        build/stm32f4xx_hal_dma.o
HAL_DeInit                                        build/stm32f4xx_hal.o
HAL_Delay                                         build/stm32f4xx_hal.o
                                                  build/stm32f4xx_ll_usb.o
                                                  build/main.o
HAL_DisableCompensationCell                       build/stm32f4xx_hal.o
HAL_DisableMemorySwappingBank                     build/stm32f4xx_hal.o
HAL_EXTI_ClearConfigLine                          build/stm32f4xx_hal_exti.o
HAL_EXTI_ClearPending                             build/stm32f4xx_hal_exti.o
HAL_EXTI_GenerateSWI                              build/stm32f4xx_hal_exti.o
HAL_EXTI_GetConfigLine                            build/stm32f4xx_hal_exti.o
HAL_EXTI_GetHandle                                build/stm32f4xx_hal_exti.o
HAL_EXTI_GetPending                               build/stm32f4xx_hal_exti.o
HAL_EXTI_IRQHandler                               build/stm32f4xx_hal_exti.o
HAL_EXTI_RegisterCallback                         build/stm32f4xx_hal_exti.o
HAL_EXTI_SetConfigLine                            build/stm32f4xx_hal_exti.o
HAL_EnableCompensationCell                        build/stm32f4xx_hal.o
HAL_EnableMemorySwappingBank                      build/stm32f4xx_hal.o
HAL_FLASHEx_AdvOBGetConfig                        build/stm32f4xx_hal_flash_ex.o
HAL_FLASHEx_AdvOBProgram                          build/stm32f4xx_hal_flash_ex.o
HAL_FLASHEx_Erase                                 build/stm32f4xx_hal_flash_ex.o
HAL_FLASHEx_Erase_IT                              build/stm32f4xx_hal_flash_ex.o
HAL_FLASHEx_OBGetConfig                           build/stm32f4xx_hal_flash_ex.o
HAL_FLASHEx_OBProgram                             build/stm32f4xx_hal_flash_ex.o
HAL_FLASHEx_OB_DeSelectPCROP                      build/stm32f4xx_hal_flash_ex.o
HAL_FLASHEx_OB_GetBank2WRP                        build/stm32f4xx_hal_flash_ex.o
HAL_FLASHEx_OB_SelectPCROP                        build/stm32f4xx_hal_flash_ex.o
HAL_FLASH_EndOfOperationCallback                  build/stm32f4xx_hal_flash.o
HAL_FLASH_GetError                                build/stm32f4xx_hal_flash.o
HAL_FLASH_IRQHandler                              build/stm32f4xx_hal_flash.o
HAL_FLASH_Lock                                    build/stm32f4xx_hal_flash.o
HAL_FLASH_OB_Launch                               build/stm32f4xx_hal_flash.o
HAL_FLASH_OB_Lock                                 build/stm32f4xx_hal_flash.o
HAL_FLASH_OB_Unlock                               build/stm32f4xx_hal_flash.o
HAL_FLASH_OperationErrorCallback                  build/stm32f4xx_hal_flash.o
HAL_FLASH_Program                                 build/stm32f4xx_hal_flash.o
HAL_FLASH_Program_IT                              build/stm32f4xx_hal_flash.o
HAL_FLASH_Unlock                                  build/stm32f4xx_hal_flash.o
HAL_GPIO_DeInit                                   build/stm32f4xx_hal_gpio.o
                                                  build/usb_otg.o
                                                  build/usart.o
HAL_GPIO_EXTI_Callback                            build/stm32f4xx_hal_gpio.o
HAL_GPIO_EXTI_IRQHandler                          build/stm32f4xx_hal_gpio.o
                                                  build/stm32f4xx_it.o
HAL_GPIO_Init                                     build/stm32f4xx_hal_gpio.o
                                                  build/stm32f4xx_hal_rcc.o
                                                  build/usb_otg.o
                                                  build/usart.o
                                                  build/gpio.o
HAL_GPIO_LockPin                                  build/stm32f4xx_hal_gpio.o
HAL_GPIO_ReadPin                                  build/stm32f4xx_hal_gpio.o
HAL_GPIO_TogglePin                                build/stm32f4xx_hal_gpio.o
                                                  build/main.o
HAL_GPIO_WritePin                                 build/stm32f4xx_hal_gpio.o
                                                  build/gpio.o
HAL_GetDEVID                                      build/stm32f4xx_hal.o
HAL_GetHalVersion                                 build/stm32f4xx_hal.o
HAL_GetREVID                                      build/stm32f4xx_hal.o
HAL_GetTick                                       build/stm32f4xx_hal.o
                                                  build/stm32f4xx_hal_pwr_ex.o
                                                  build/stm32f4xx_hal_dma.o
                                                  build/stm32f4xx_hal_flash.o
                                                  build/stm32f4xx_hal_rcc_ex.o
                                                  build/stm32f4xx_hal_rcc.o
                                                  build/stm32f4xx_hal_uart.o
HAL_GetTickFreq                                   build/stm32f4xx_hal.o
HAL_GetTickPrio                                   build/stm32f4xx_hal.o
HAL_GetUIDw0                                      build/stm32f4xx_hal.o
HAL_GetUIDw1                                      build/stm32f4xx_hal.o
HAL_GetUIDw2                                      build/stm32f4xx_hal.o
HAL_HalfDuplex_EnableReceiver                     build/stm32f4xx_hal_uart.o
HAL_HalfDuplex_EnableTransmitter                  build/stm32f4xx_hal_uart.o
HAL_HalfDuplex_Init                               build/stm32f4xx_hal_uart.o
HAL_IncTick                                       build/stm32f4xx_hal.o
                                                  build/stm32f4xx_it.o
HAL_Init                                          build/stm32f4xx_hal.o
                                                  build/main.o
HAL_InitTick                                      build/stm32f4xx_hal.o
                                                  build/stm32f4xx_hal_rcc_ex.o
                                                  build/stm32f4xx_hal_rcc.o
HAL_LIN_Init                                      build/stm32f4xx_hal_uart.o
HAL_LIN_SendBreak                                 build/stm32f4xx_hal_uart.o
HAL_MPU_ConfigRegion                              build/stm32f4xx_hal_cortex.o
HAL_MPU_Disable                                   build/stm32f4xx_hal_cortex.o
HAL_MPU_Enable                                    build/stm32f4xx_hal_cortex.o
HAL_MspDeInit                                     build/stm32f4xx_hal.o
HAL_MspInit                                       build/stm32f4xx_hal_msp.o
HAL_MultiProcessor_EnterMuteMode                  build/stm32f4xx_hal_uart.o
HAL_MultiProcessor_ExitMuteMode                   build/stm32f4xx_hal_uart.o
HAL_MultiProcessor_Init                           build/stm32f4xx_hal_uart.o
HAL_NVIC_ClearPendingIRQ                          build/stm32f4xx_hal_cortex.o
HAL_NVIC_DisableIRQ                               build/stm32f4xx_hal_cortex.o
HAL_NVIC_EnableIRQ                                build/stm32f4xx_hal_cortex.o
                                                  build/gpio.o
HAL_NVIC_GetActive                                build/stm32f4xx_hal_cortex.o
HAL_NVIC_GetPendingIRQ                            build/stm32f4xx_hal_cortex.o
HAL_NVIC_GetPriority                              build/stm32f4xx_hal_cortex.o
HAL_NVIC_GetPriorityGrouping                      build/stm32f4xx_hal_cortex.o
HAL_NVIC_SetPendingIRQ                            build/stm32f4xx_hal_cortex.o
HAL_NVIC_SetPriority                              build/stm32f4xx_hal_cortex.o
                                                  build/stm32f4xx_hal.o
                                                  build/gpio.o
HAL_NVIC_SetPriorityGrouping                      build/stm32f4xx_hal_cortex.o
                                                  build/stm32f4xx_hal.o
HAL_NVIC_SystemReset                              build/stm32f4xx_hal_cortex.o
HAL_PCDEx_BCD_Callback                            build/stm32f4xx_hal_pcd_ex.o
HAL_PCDEx_LPM_Callback                            build/stm32f4xx_hal_pcd_ex.o
                                                  build/stm32f4xx_hal_pcd.o
HAL_PCDEx_SetRxFiFo                               build/stm32f4xx_hal_pcd_ex.o
HAL_PCDEx_SetTxFiFo                               build/stm32f4xx_hal_pcd_ex.o
HAL_PCD_ActivateRemoteWakeup                      build/stm32f4xx_hal_pcd.o
HAL_PCD_ConnectCallback                           build/stm32f4xx_hal_pcd.o
HAL_PCD_DataInStageCallback                       build/stm32f4xx_hal_pcd.o
HAL_PCD_DataOutStageCallback                      build/stm32f4xx_hal_pcd.o
HAL_PCD_DeActivateRemoteWakeup                    build/stm32f4xx_hal_pcd.o
HAL_PCD_DeInit                                    build/stm32f4xx_hal_pcd.o
HAL_PCD_DevConnect                                build/stm32f4xx_hal_pcd.o
HAL_PCD_DevDisconnect                             build/stm32f4xx_hal_pcd.o
HAL_PCD_DisconnectCallback                        build/stm32f4xx_hal_pcd.o
HAL_PCD_EP_Abort                                  build/stm32f4xx_hal_pcd.o
HAL_PCD_EP_Close                                  build/stm32f4xx_hal_pcd.o
HAL_PCD_EP_ClrStall                               build/stm32f4xx_hal_pcd.o
HAL_PCD_EP_Flush                                  build/stm32f4xx_hal_pcd.o
HAL_PCD_EP_GetRxCount                             build/stm32f4xx_hal_pcd.o
HAL_PCD_EP_Open                                   build/stm32f4xx_hal_pcd.o
HAL_PCD_EP_Receive                                build/stm32f4xx_hal_pcd.o
HAL_PCD_EP_SetStall                               build/stm32f4xx_hal_pcd.o
HAL_PCD_EP_Transmit                               build/stm32f4xx_hal_pcd.o
HAL_PCD_GetState                                  build/stm32f4xx_hal_pcd.o
HAL_PCD_IRQHandler                                build/stm32f4xx_hal_pcd.o
HAL_PCD_ISOINIncompleteCallback                   build/stm32f4xx_hal_pcd.o
HAL_PCD_ISOOUTIncompleteCallback                  build/stm32f4xx_hal_pcd.o
HAL_PCD_Init                                      build/stm32f4xx_hal_pcd.o
                                                  build/usb_otg.o
HAL_PCD_MspDeInit                                 build/usb_otg.o
HAL_PCD_MspInit                                   build/usb_otg.o
HAL_PCD_ResetCallback                             build/stm32f4xx_hal_pcd.o
HAL_PCD_ResumeCallback                            build/stm32f4xx_hal_pcd.o
HAL_PCD_SOFCallback                               build/stm32f4xx_hal_pcd.o
HAL_PCD_SetAddress                                build/stm32f4xx_hal_pcd.o
HAL_PCD_SetTestMode                               build/stm32f4xx_hal_pcd.o
HAL_PCD_SetupStageCallback                        build/stm32f4xx_hal_pcd.o
HAL_PCD_Start                                     build/stm32f4xx_hal_pcd.o
HAL_PCD_Stop                                      build/stm32f4xx_hal_pcd.o
HAL_PCD_SuspendCallback                           build/stm32f4xx_hal_pcd.o
HAL_PCD_WKUP_IRQHandler                           build/stm32f4xx_hal_pcd.o
HAL_PWREx_ControlVoltageScaling                   build/stm32f4xx_hal_pwr_ex.o
HAL_PWREx_DisableBkUpReg                          build/stm32f4xx_hal_pwr_ex.o
HAL_PWREx_DisableFlashPowerDown                   build/stm32f4xx_hal_pwr_ex.o
HAL_PWREx_DisableOverDrive                        build/stm32f4xx_hal_pwr_ex.o
HAL_PWREx_EnableBkUpReg                           build/stm32f4xx_hal_pwr_ex.o
HAL_PWREx_EnableFlashPowerDown                    build/stm32f4xx_hal_pwr_ex.o
HAL_PWREx_EnableOverDrive                         build/stm32f4xx_hal_pwr_ex.o
HAL_PWREx_EnterUnderDriveSTOPMode                 build/stm32f4xx_hal_pwr_ex.o
HAL_PWREx_GetVoltageRange                         build/stm32f4xx_hal_pwr_ex.o
HAL_PWR_ConfigPVD                                 build/stm32f4xx_hal_pwr.o
HAL_PWR_DeInit                                    build/stm32f4xx_hal_pwr.o
HAL_PWR_DisableBkUpAccess                         build/stm32f4xx_hal_pwr.o
HAL_PWR_DisablePVD                                build/stm32f4xx_hal_pwr.o
HAL_PWR_DisableSEVOnPend                          build/stm32f4xx_hal_pwr.o
HAL_PWR_DisableSleepOnExit                        build/stm32f4xx_hal_pwr.o
HAL_PWR_DisableWakeUpPin                          build/stm32f4xx_hal_pwr.o
HAL_PWR_EnableBkUpAccess                          build/stm32f4xx_hal_pwr.o
HAL_PWR_EnablePVD                                 build/stm32f4xx_hal_pwr.o
HAL_PWR_EnableSEVOnPend                           build/stm32f4xx_hal_pwr.o
HAL_PWR_EnableSleepOnExit                         build/stm32f4xx_hal_pwr.o
HAL_PWR_EnableWakeUpPin                           build/stm32f4xx_hal_pwr.o
HAL_PWR_EnterSLEEPMode                            build/stm32f4xx_hal_pwr.o
HAL_PWR_EnterSTANDBYMode                          build/stm32f4xx_hal_pwr.o
HAL_PWR_EnterSTOPMode                             build/stm32f4xx_hal_pwr.o
HAL_PWR_PVDCallback                               build/stm32f4xx_hal_pwr.o
HAL_PWR_PVD_IRQHandler                            build/stm32f4xx_hal_pwr.o
HAL_RCCEx_DisablePLLI2S                           build/stm32f4xx_hal_rcc_ex.o
HAL_RCCEx_DisablePLLSAI                           build/stm32f4xx_hal_rcc_ex.o
HAL_RCCEx_EnablePLLI2S                            build/stm32f4xx_hal_rcc_ex.o
HAL_RCCEx_EnablePLLSAI                            build/stm32f4xx_hal_rcc_ex.o
HAL_RCCEx_GetPeriphCLKConfig                      build/stm32f4xx_hal_rcc_ex.o
HAL_RCCEx_GetPeriphCLKFreq                        build/stm32f4xx_hal_rcc_ex.o
HAL_RCCEx_PeriphCLKConfig                         build/stm32f4xx_hal_rcc_ex.o
HAL_RCC_CSSCallback                               build/stm32f4xx_hal_rcc.o
HAL_RCC_ClockConfig                               build/stm32f4xx_hal_rcc.o
                                                  build/main.o
HAL_RCC_DeInit                                    build/stm32f4xx_hal_rcc_ex.o
                                                  build/stm32f4xx_hal_rcc.o
HAL_RCC_DisableCSS                                build/stm32f4xx_hal_rcc.o
HAL_RCC_EnableCSS                                 build/stm32f4xx_hal_rcc.o
HAL_RCC_GetClockConfig                            build/stm32f4xx_hal_rcc.o
HAL_RCC_GetHCLKFreq                               build/stm32f4xx_hal_rcc.o
                                                  build/stm32f4xx_hal_pcd.o
HAL_RCC_GetOscConfig                              build/stm32f4xx_hal_rcc.o
HAL_RCC_GetPCLK1Freq                              build/stm32f4xx_hal_rcc.o
                                                  build/stm32f4xx_hal_uart.o
HAL_RCC_GetPCLK2Freq                              build/stm32f4xx_hal_rcc.o
                                                  build/stm32f4xx_hal_uart.o
HAL_RCC_GetSysClockFreq                           build/stm32f4xx_hal_rcc.o
HAL_RCC_MCOConfig                                 build/stm32f4xx_hal_rcc.o
HAL_RCC_NMI_IRQHandler                            build/stm32f4xx_hal_rcc.o
HAL_RCC_OscConfig                                 build/stm32f4xx_hal_rcc.o
                                                  build/main.o
HAL_ResumeTick                                    build/stm32f4xx_hal.o
HAL_SYSTICK_CLKSourceConfig                       build/stm32f4xx_hal_cortex.o
HAL_SYSTICK_Callback                              build/stm32f4xx_hal_cortex.o
HAL_SYSTICK_Config                                build/stm32f4xx_hal_cortex.o
                                                  build/stm32f4xx_hal.o
HAL_SYSTICK_IRQHandler                            build/stm32f4xx_hal_cortex.o
HAL_SetTickFreq                                   build/stm32f4xx_hal.o
HAL_SuspendTick                                   build/stm32f4xx_hal.o
HAL_UARTEx_ReceiveToIdle                          build/stm32f4xx_hal_uart.o
HAL_UARTEx_ReceiveToIdle_DMA                      build/stm32f4xx_hal_uart.o
HAL_UARTEx_ReceiveToIdle_IT                       build/stm32f4xx_hal_uart.o
HAL_UARTEx_RxEventCallback                        build/stm32f4xx_hal_uart.o
HAL_UART_Abort                                    build/stm32f4xx_hal_uart.o
HAL_UART_AbortCpltCallback                        build/stm32f4xx_hal_uart.o
HAL_UART_AbortReceive                             build/stm32f4xx_hal_uart.o
HAL_UART_AbortReceiveCpltCallback                 build/stm32f4xx_hal_uart.o
HAL_UART_AbortReceive_IT                          build/stm32f4xx_hal_uart.o
HAL_UART_AbortTransmit                            build/stm32f4xx_hal_uart.o
HAL_UART_AbortTransmitCpltCallback                build/stm32f4xx_hal_uart.o
HAL_UART_AbortTransmit_IT                         build/stm32f4xx_hal_uart.o
HAL_UART_Abort_IT                                 build/stm32f4xx_hal_uart.o
HAL_UART_DMAPause                                 build/stm32f4xx_hal_uart.o
HAL_UART_DMAResume                                build/stm32f4xx_hal_uart.o
HAL_UART_DMAStop                                  build/stm32f4xx_hal_uart.o
HAL_UART_DeInit                                   build/stm32f4xx_hal_uart.o
HAL_UART_ErrorCallback                            build/stm32f4xx_hal_uart.o
HAL_UART_GetError                                 build/stm32f4xx_hal_uart.o
HAL_UART_GetState                                 build/stm32f4xx_hal_uart.o
HAL_UART_IRQHandler                               build/stm32f4xx_hal_uart.o
HAL_UART_Init                                     build/stm32f4xx_hal_uart.o
                                                  build/usart.o
HAL_UART_MspDeInit                                build/usart.o
HAL_UART_MspInit                                  build/usart.o
HAL_UART_Receive                                  build/stm32f4xx_hal_uart.o
HAL_UART_Receive_DMA                              build/stm32f4xx_hal_uart.o
HAL_UART_Receive_IT                               build/stm32f4xx_hal_uart.o
HAL_UART_RxCpltCallback                           build/stm32f4xx_hal_uart.o
HAL_UART_RxHalfCpltCallback                       build/stm32f4xx_hal_uart.o
HAL_UART_Transmit                                 build/stm32f4xx_hal_uart.o
HAL_UART_Transmit_DMA                             build/stm32f4xx_hal_uart.o
HAL_UART_Transmit_IT                              build/stm32f4xx_hal_uart.o
HAL_UART_TxCpltCallback                           build/stm32f4xx_hal_uart.o
HAL_UART_TxHalfCpltCallback                       build/stm32f4xx_hal_uart.o
HASH_RNG_IRQHandler                               build/startup_stm32f429xx.o
HardFault_Handler                                 build/stm32f4xx_it.o
I2C1_ER_IRQHandler                                build/startup_stm32f429xx.o
I2C1_EV_IRQHandler                                build/startup_stm32f429xx.o
I2C2_ER_IRQHandler                                build/startup_stm32f429xx.o
I2C2_EV_IRQHandler                                build/startup_stm32f429xx.o
I2C3_ER_IRQHandler                                build/startup_stm32f429xx.o
I2C3_EV_IRQHandler                                build/startup_stm32f429xx.o
LTDC_ER_IRQHandler                                build/startup_stm32f429xx.o
LTDC_IRQHandler                                   build/startup_stm32f429xx.o
MX_GPIO_Init                                      build/gpio.o
                                                  build/main.o
MX_USART3_UART_Init                               build/usart.o
                                                  build/main.o
MX_USB_OTG_FS_PCD_Init                            build/usb_otg.o
                                                  build/main.o
MemManage_Handler                                 build/stm32f4xx_it.o
NMI_Handler                                       build/stm32f4xx_it.o
OTG_FS_IRQHandler                                 build/startup_stm32f429xx.o
OTG_FS_WKUP_IRQHandler                            build/startup_stm32f429xx.o
OTG_HS_EP1_IN_IRQHandler                          build/startup_stm32f429xx.o
OTG_HS_EP1_OUT_IRQHandler                         build/startup_stm32f429xx.o
OTG_HS_IRQHandler                                 build/startup_stm32f429xx.o
OTG_HS_WKUP_IRQHandler                            build/startup_stm32f429xx.o
PVD_IRQHandler                                    build/startup_stm32f429xx.o
PendSV_Handler                                    build/stm32f4xx_it.o
RCC_IRQHandler                                    build/startup_stm32f429xx.o
RTC_Alarm_IRQHandler                              build/startup_stm32f429xx.o
RTC_WKUP_IRQHandler                               build/startup_stm32f429xx.o
Reset_Handler                                     build/startup_stm32f429xx.o
SAI1_IRQHandler                                   build/startup_stm32f429xx.o
SDIO_IRQHandler                                   build/startup_stm32f429xx.o
SPI1_IRQHandler                                   build/startup_stm32f429xx.o
SPI2_IRQHandler                                   build/startup_stm32f429xx.o
SPI3_IRQHandler                                   build/startup_stm32f429xx.o
SPI4_IRQHandler                                   build/startup_stm32f429xx.o
SPI5_IRQHandler                                   build/startup_stm32f429xx.o
SPI6_IRQHandler                                   build/startup_stm32f429xx.o
SVC_Handler                                       build/stm32f4xx_it.o
SysTick_Handler                                   build/stm32f4xx_it.o
SystemClock_Config                                build/main.o
SystemCoreClock                                   build/system_stm32f4xx.o
                                                  build/stm32f4xx_hal.o
                                                  build/stm32f4xx_hal_dma.o
                                                  build/stm32f4xx_hal_rcc_ex.o
                                                  build/stm32f4xx_hal_rcc.o
SystemCoreClockUpdate                             build/system_stm32f4xx.o
SystemInit                                        build/system_stm32f4xx.o
                                                  build/startup_stm32f429xx.o
TAMP_STAMP_IRQHandler                             build/startup_stm32f429xx.o
TIM1_BRK_TIM9_IRQHandler                          build/startup_stm32f429xx.o
TIM1_CC_IRQHandler                                build/startup_stm32f429xx.o
TIM1_TRG_COM_TIM11_IRQHandler                     build/startup_stm32f429xx.o
TIM1_UP_TIM10_IRQHandler                          build/startup_stm32f429xx.o
TIM2_IRQHandler                                   build/startup_stm32f429xx.o
TIM3_IRQHandler                                   build/startup_stm32f429xx.o
TIM4_IRQHandler                                   build/startup_stm32f429xx.o
TIM5_IRQHandler                                   build/startup_stm32f429xx.o
TIM6_DAC_IRQHandler                               build/startup_stm32f429xx.o
TIM7_IRQHandler                                   build/startup_stm32f429xx.o
TIM8_BRK_TIM12_IRQHandler                         build/startup_stm32f429xx.o
TIM8_CC_IRQHandler                                build/startup_stm32f429xx.o
TIM8_TRG_COM_TIM14_IRQHandler                     build/startup_stm32f429xx.o
TIM8_UP_TIM13_IRQHandler                          build/startup_stm32f429xx.o
UART4_IRQHandler                                  build/startup_stm32f429xx.o
UART5_IRQHandler                                  build/startup_stm32f429xx.o
UART7_IRQHandler                                  build/startup_stm32f429xx.o
UART8_IRQHandler                                  build/startup_stm32f429xx.o
UART_Start_Receive_DMA                            build/stm32f4xx_hal_uart.o
UART_Start_Receive_IT                             build/stm32f4xx_hal_uart.o
USART1_IRQHandler                                 build/startup_stm32f429xx.o
USART2_IRQHandler                                 build/startup_stm32f429xx.o
USART3_IRQHandler                                 build/startup_stm32f429xx.o
USART6_IRQHandler                                 build/startup_stm32f429xx.o
USB_ActivateDedicatedEndpoint                     build/stm32f4xx_ll_usb.o
USB_ActivateEndpoint                              build/stm32f4xx_ll_usb.o
                                                  build/stm32f4xx_hal_pcd.o
USB_ActivateRemoteWakeup                          build/stm32f4xx_ll_usb.o
                                                  build/stm32f4xx_hal_pcd.o
USB_ActivateSetup                                 build/stm32f4xx_ll_usb.o
                                                  build/stm32f4xx_hal_pcd.o
USB_ClearInterrupts                               build/stm32f4xx_ll_usb.o
USB_CoreInit                                      build/stm32f4xx_ll_usb.o
                                                  build/stm32f4xx_hal_pcd.o
USB_DeActivateRemoteWakeup                        build/stm32f4xx_ll_usb.o
                                                  build/stm32f4xx_hal_pcd.o
USB_DeactivateDedicatedEndpoint                   build/stm32f4xx_ll_usb.o
USB_DeactivateEndpoint                            build/stm32f4xx_ll_usb.o
                                                  build/stm32f4xx_hal_pcd.o
USB_DevConnect                                    build/stm32f4xx_ll_usb.o
                                                  build/stm32f4xx_hal_pcd.o
USB_DevDisconnect                                 build/stm32f4xx_ll_usb.o
                                                  build/stm32f4xx_hal_pcd.o
USB_DevInit                                       build/stm32f4xx_ll_usb.o
                                                  build/stm32f4xx_hal_pcd.o
USB_DisableGlobalInt                              build/stm32f4xx_ll_usb.o
                                                  build/stm32f4xx_hal_pcd.o
USB_DoPing                                        build/stm32f4xx_ll_usb.o
USB_DriveVbus                                     build/stm32f4xx_ll_usb.o
USB_EP0StartXfer                                  build/stm32f4xx_ll_usb.o
                                                  build/stm32f4xx_hal_pcd.o
USB_EP0_OutStart                                  build/stm32f4xx_ll_usb.o
                                                  build/stm32f4xx_hal_pcd.o
USB_EPClearStall                                  build/stm32f4xx_ll_usb.o
                                                  build/stm32f4xx_hal_pcd.o
USB_EPSetStall                                    build/stm32f4xx_ll_usb.o
                                                  build/stm32f4xx_hal_pcd.o
USB_EPStartXfer                                   build/stm32f4xx_ll_usb.o
                                                  build/stm32f4xx_hal_pcd.o
USB_EPStopXfer                                    build/stm32f4xx_ll_usb.o
                                                  build/stm32f4xx_hal_pcd.o
USB_EnableGlobalInt                               build/stm32f4xx_ll_usb.o
                                                  build/stm32f4xx_hal_pcd.o
USB_FlushRxFifo                                   build/stm32f4xx_ll_usb.o
                                                  build/stm32f4xx_hal_pcd.o
USB_FlushTxFifo                                   build/stm32f4xx_ll_usb.o
                                                  build/stm32f4xx_hal_pcd.o
USB_GetCurrentFrame                               build/stm32f4xx_ll_usb.o
USB_GetDevSpeed                                   build/stm32f4xx_ll_usb.o
                                                  build/stm32f4xx_hal_pcd.o
USB_GetHostSpeed                                  build/stm32f4xx_ll_usb.o
USB_GetMode                                       build/stm32f4xx_ll_usb.o
                                                  build/stm32f4xx_hal_pcd.o
USB_HC_Halt                                       build/stm32f4xx_ll_usb.o
USB_HC_Init                                       build/stm32f4xx_ll_usb.o
USB_HC_ReadInterrupt                              build/stm32f4xx_ll_usb.o
USB_HC_StartXfer                                  build/stm32f4xx_ll_usb.o
USB_HostInit                                      build/stm32f4xx_ll_usb.o
USB_InitFSLSPClkSel                               build/stm32f4xx_ll_usb.o
USB_ReadDevAllInEpInterrupt                       build/stm32f4xx_ll_usb.o
                                                  build/stm32f4xx_hal_pcd.o
USB_ReadDevAllOutEpInterrupt                      build/stm32f4xx_ll_usb.o
                                                  build/stm32f4xx_hal_pcd.o
USB_ReadDevInEPInterrupt                          build/stm32f4xx_ll_usb.o
                                                  build/stm32f4xx_hal_pcd.o
USB_ReadDevOutEPInterrupt                         build/stm32f4xx_ll_usb.o
                                                  build/stm32f4xx_hal_pcd.o
USB_ReadInterrupts                                build/stm32f4xx_ll_usb.o
                                                  build/stm32f4xx_hal_pcd.o
USB_ReadPacket                                    build/stm32f4xx_ll_usb.o
                                                  build/stm32f4xx_hal_pcd.o
USB_ResetPort                                     build/stm32f4xx_ll_usb.o
USB_SetCurrentMode                                build/stm32f4xx_ll_usb.o
                                                  build/stm32f4xx_hal_pcd.o
USB_SetDevAddress                                 build/stm32f4xx_ll_usb.o
                                                  build/stm32f4xx_hal_pcd.o
USB_SetDevSpeed                                   build/stm32f4xx_ll_usb.o
USB_SetTurnaroundTime                             build/stm32f4xx_ll_usb.o
                                                  build/stm32f4xx_hal_pcd.o
USB_StopDevice                                    build/stm32f4xx_ll_usb.o
                                                  build/stm32f4xx_hal_pcd.o
USB_StopHost                                      build/stm32f4xx_ll_usb.o
USB_WritePacket                                   build/stm32f4xx_ll_usb.o
                                                  build/stm32f4xx_hal_pcd.o
UsageFault_Handler                                build/stm32f4xx_it.o
WWDG_IRQHandler                                   build/startup_stm32f429xx.o
_ITM_deregisterTMCloneTable                       c:/tools_stm/arm-gcc/bin/../lib/gcc/arm-none-eabi/12.2.1/thumb/v7e-m+fp/hard/crtbegin.o
_ITM_registerTMCloneTable                         c:/tools_stm/arm-gcc/bin/../lib/gcc/arm-none-eabi/12.2.1/thumb/v7e-m+fp/hard/crtbegin.o
__TMC_END__                                       c:/tools_stm/arm-gcc/bin/../lib/gcc/arm-none-eabi/12.2.1/thumb/v7e-m+fp/hard/crtend.o
                                                  c:/tools_stm/arm-gcc/bin/../lib/gcc/arm-none-eabi/12.2.1/thumb/v7e-m+fp/hard/crtbegin.o
__aeabi_idiv0                                     c:/tools_stm/arm-gcc/bin/../lib/gcc/arm-none-eabi/12.2.1/thumb/v7e-m+fp/hard\libgcc.a(_dvmd_tls.o)
__aeabi_ldiv0                                     c:/tools_stm/arm-gcc/bin/../lib/gcc/arm-none-eabi/12.2.1/thumb/v7e-m+fp/hard\libgcc.a(_dvmd_tls.o)
                                                  c:/tools_stm/arm-gcc/bin/../lib/gcc/arm-none-eabi/12.2.1/thumb/v7e-m+fp/hard\libgcc.a(_aeabi_uldivmod.o)
__aeabi_uldivmod                                  c:/tools_stm/arm-gcc/bin/../lib/gcc/arm-none-eabi/12.2.1/thumb/v7e-m+fp/hard\libgcc.a(_aeabi_uldivmod.o)
                                                  build/stm32f4xx_hal_rcc.o
                                                  build/stm32f4xx_hal_uart.o
__bss_end__                                       c:/tools_stm/arm-gcc/bin/../lib/gcc/arm-none-eabi/12.2.1/thumb/v7e-m+fp/hard/crt0.o
__bss_start__                                     c:/tools_stm/arm-gcc/bin/../lib/gcc/arm-none-eabi/12.2.1/thumb/v7e-m+fp/hard/crt0.o
__call_exitprocs                                  c:/tools_stm/arm-gcc/bin/../lib/gcc/arm-none-eabi/12.2.1/thumb/v7e-m+fp/hard\libc_nano.a(libc_a-exit.o)
__deregister_frame_info                           c:/tools_stm/arm-gcc/bin/../lib/gcc/arm-none-eabi/12.2.1/thumb/v7e-m+fp/hard/crtbegin.o
__dso_handle                                      c:/tools_stm/arm-gcc/bin/../lib/gcc/arm-none-eabi/12.2.1/thumb/v7e-m+fp/hard/crtbegin.o
__fp_lock_all                                     c:/tools_stm/arm-gcc/bin/../lib/gcc/arm-none-eabi/12.2.1/thumb/v7e-m+fp/hard\libc_nano.a(libc_a-findfp.o)
__fp_unlock_all                                   c:/tools_stm/arm-gcc/bin/../lib/gcc/arm-none-eabi/12.2.1/thumb/v7e-m+fp/hard\libc_nano.a(libc_a-findfp.o)
__init_array_end                                  c:/tools_stm/arm-gcc/bin/../lib/gcc/arm-none-eabi/12.2.1/thumb/v7e-m+fp/hard\libc_nano.a(libc_a-init.o)
__init_array_start                                c:/tools_stm/arm-gcc/bin/../lib/gcc/arm-none-eabi/12.2.1/thumb/v7e-m+fp/hard\libc_nano.a(libc_a-init.o)
__libc_fini_array                                 c:/tools_stm/arm-gcc/bin/../lib/gcc/arm-none-eabi/12.2.1/thumb/v7e-m+fp/hard/crt0.o
__libc_init_array                                 c:/tools_stm/arm-gcc/bin/../lib/gcc/arm-none-eabi/12.2.1/thumb/v7e-m+fp/hard\libc_nano.a(libc_a-init.o)
                                                  build/startup_stm32f429xx.o
                                                  c:/tools_stm/arm-gcc/bin/../lib/gcc/arm-none-eabi/12.2.1/thumb/v7e-m+fp/hard/crt0.o
__lock___arc4random_mutex                         c:/tools_stm/arm-gcc/bin/../lib/gcc/arm-none-eabi/12.2.1/thumb/v7e-m+fp/hard\libc_nano.a(libc_a-lock.o)
__lock___at_quick_exit_mutex                      c:/tools_stm/arm-gcc/bin/../lib/gcc/arm-none-eabi/12.2.1/thumb/v7e-m+fp/hard\libc_nano.a(libc_a-lock.o)
__lock___atexit_recursive_mutex                   c:/tools_stm/arm-gcc/bin/../lib/gcc/arm-none-eabi/12.2.1/thumb/v7e-m+fp/hard\libc_nano.a(libc_a-lock.o)
__lock___dd_hash_mutex                            c:/tools_stm/arm-gcc/bin/../lib/gcc/arm-none-eabi/12.2.1/thumb/v7e-m+fp/hard\libc_nano.a(libc_a-lock.o)
__lock___env_recursive_mutex                      c:/tools_stm/arm-gcc/bin/../lib/gcc/arm-none-eabi/12.2.1/thumb/v7e-m+fp/hard\libc_nano.a(libc_a-lock.o)
__lock___malloc_recursive_mutex                   c:/tools_stm/arm-gcc/bin/../lib/gcc/arm-none-eabi/12.2.1/thumb/v7e-m+fp/hard\libc_nano.a(libc_a-lock.o)
                                                  c:/tools_stm/arm-gcc/bin/../lib/gcc/arm-none-eabi/12.2.1/thumb/v7e-m+fp/hard\libc_nano.a(libc_a-mlock.o)
__lock___sfp_recursive_mutex                      c:/tools_stm/arm-gcc/bin/../lib/gcc/arm-none-eabi/12.2.1/thumb/v7e-m+fp/hard\libc_nano.a(libc_a-lock.o)
                                                  c:/tools_stm/arm-gcc/bin/../lib/gcc/arm-none-eabi/12.2.1/thumb/v7e-m+fp/hard\libc_nano.a(libc_a-findfp.o)
__lock___tz_mutex                                 c:/tools_stm/arm-gcc/bin/../lib/gcc/arm-none-eabi/12.2.1/thumb/v7e-m+fp/hard\libc_nano.a(libc_a-lock.o)
__malloc_free_list                                c:/tools_stm/arm-gcc/bin/../lib/gcc/arm-none-eabi/12.2.1/thumb/v7e-m+fp/hard\libc_nano.a(libc_a-mallocr.o)
                                                  c:/tools_stm/arm-gcc/bin/../lib/gcc/arm-none-eabi/12.2.1/thumb/v7e-m+fp/hard\libc_nano.a(libc_a-freer.o)
__malloc_lock                                     c:/tools_stm/arm-gcc/bin/../lib/gcc/arm-none-eabi/12.2.1/thumb/v7e-m+fp/hard\libc_nano.a(libc_a-mlock.o)
                                                  c:/tools_stm/arm-gcc/bin/../lib/gcc/arm-none-eabi/12.2.1/thumb/v7e-m+fp/hard\libc_nano.a(libc_a-mallocr.o)
                                                  c:/tools_stm/arm-gcc/bin/../lib/gcc/arm-none-eabi/12.2.1/thumb/v7e-m+fp/hard\libc_nano.a(libc_a-freer.o)
__malloc_sbrk_start                               c:/tools_stm/arm-gcc/bin/../lib/gcc/arm-none-eabi/12.2.1/thumb/v7e-m+fp/hard\libc_nano.a(libc_a-mallocr.o)
__malloc_unlock                                   c:/tools_stm/arm-gcc/bin/../lib/gcc/arm-none-eabi/12.2.1/thumb/v7e-m+fp/hard\libc_nano.a(libc_a-mlock.o)
                                                  c:/tools_stm/arm-gcc/bin/../lib/gcc/arm-none-eabi/12.2.1/thumb/v7e-m+fp/hard\libc_nano.a(libc_a-mallocr.o)
                                                  c:/tools_stm/arm-gcc/bin/../lib/gcc/arm-none-eabi/12.2.1/thumb/v7e-m+fp/hard\libc_nano.a(libc_a-freer.o)
__preinit_array_end                               c:/tools_stm/arm-gcc/bin/../lib/gcc/arm-none-eabi/12.2.1/thumb/v7e-m+fp/hard\libc_nano.a(libc_a-init.o)
__preinit_array_start                             c:/tools_stm/arm-gcc/bin/../lib/gcc/arm-none-eabi/12.2.1/thumb/v7e-m+fp/hard\libc_nano.a(libc_a-init.o)
__register_frame_info                             c:/tools_stm/arm-gcc/bin/../lib/gcc/arm-none-eabi/12.2.1/thumb/v7e-m+fp/hard/crtbegin.o
__retarget_lock_acquire                           c:/tools_stm/arm-gcc/bin/../lib/gcc/arm-none-eabi/12.2.1/thumb/v7e-m+fp/hard\libc_nano.a(libc_a-lock.o)
__retarget_lock_acquire_recursive                 c:/tools_stm/arm-gcc/bin/../lib/gcc/arm-none-eabi/12.2.1/thumb/v7e-m+fp/hard\libc_nano.a(libc_a-lock.o)
                                                  c:/tools_stm/arm-gcc/bin/../lib/gcc/arm-none-eabi/12.2.1/thumb/v7e-m+fp/hard\libc_nano.a(libc_a-fflush.o)
                                                  c:/tools_stm/arm-gcc/bin/../lib/gcc/arm-none-eabi/12.2.1/thumb/v7e-m+fp/hard\libc_nano.a(libc_a-mlock.o)
                                                  c:/tools_stm/arm-gcc/bin/../lib/gcc/arm-none-eabi/12.2.1/thumb/v7e-m+fp/hard\libc_nano.a(libc_a-findfp.o)
__retarget_lock_close                             c:/tools_stm/arm-gcc/bin/../lib/gcc/arm-none-eabi/12.2.1/thumb/v7e-m+fp/hard\libc_nano.a(libc_a-lock.o)
__retarget_lock_close_recursive                   c:/tools_stm/arm-gcc/bin/../lib/gcc/arm-none-eabi/12.2.1/thumb/v7e-m+fp/hard\libc_nano.a(libc_a-lock.o)
__retarget_lock_init                              c:/tools_stm/arm-gcc/bin/../lib/gcc/arm-none-eabi/12.2.1/thumb/v7e-m+fp/hard\libc_nano.a(libc_a-lock.o)
__retarget_lock_init_recursive                    c:/tools_stm/arm-gcc/bin/../lib/gcc/arm-none-eabi/12.2.1/thumb/v7e-m+fp/hard\libc_nano.a(libc_a-lock.o)
                                                  c:/tools_stm/arm-gcc/bin/../lib/gcc/arm-none-eabi/12.2.1/thumb/v7e-m+fp/hard\libc_nano.a(libc_a-findfp.o)
__retarget_lock_release                           c:/tools_stm/arm-gcc/bin/../lib/gcc/arm-none-eabi/12.2.1/thumb/v7e-m+fp/hard\libc_nano.a(libc_a-lock.o)
__retarget_lock_release_recursive                 c:/tools_stm/arm-gcc/bin/../lib/gcc/arm-none-eabi/12.2.1/thumb/v7e-m+fp/hard\libc_nano.a(libc_a-lock.o)
                                                  c:/tools_stm/arm-gcc/bin/../lib/gcc/arm-none-eabi/12.2.1/thumb/v7e-m+fp/hard\libc_nano.a(libc_a-fflush.o)
                                                  c:/tools_stm/arm-gcc/bin/../lib/gcc/arm-none-eabi/12.2.1/thumb/v7e-m+fp/hard\libc_nano.a(libc_a-mlock.o)
                                                  c:/tools_stm/arm-gcc/bin/../lib/gcc/arm-none-eabi/12.2.1/thumb/v7e-m+fp/hard\libc_nano.a(libc_a-findfp.o)
__retarget_lock_try_acquire                       c:/tools_stm/arm-gcc/bin/../lib/gcc/arm-none-eabi/12.2.1/thumb/v7e-m+fp/hard\libc_nano.a(libc_a-lock.o)
__retarget_lock_try_acquire_recursive             c:/tools_stm/arm-gcc/bin/../lib/gcc/arm-none-eabi/12.2.1/thumb/v7e-m+fp/hard\libc_nano.a(libc_a-lock.o)
__sclose                                          c:/tools_stm/arm-gcc/bin/../lib/gcc/arm-none-eabi/12.2.1/thumb/v7e-m+fp/hard\libc_nano.a(libc_a-stdio.o)
                                                  c:/tools_stm/arm-gcc/bin/../lib/gcc/arm-none-eabi/12.2.1/thumb/v7e-m+fp/hard\libc_nano.a(libc_a-findfp.o)
__seofread                                        c:/tools_stm/arm-gcc/bin/../lib/gcc/arm-none-eabi/12.2.1/thumb/v7e-m+fp/hard\libc_nano.a(libc_a-stdio.o)
__sf                                              c:/tools_stm/arm-gcc/bin/../lib/gcc/arm-none-eabi/12.2.1/thumb/v7e-m+fp/hard\libc_nano.a(libc_a-findfp.o)
                                                  c:/tools_stm/arm-gcc/bin/../lib/gcc/arm-none-eabi/12.2.1/thumb/v7e-m+fp/hard\libc_nano.a(libc_a-impure.o)
__sflush_r                                        c:/tools_stm/arm-gcc/bin/../lib/gcc/arm-none-eabi/12.2.1/thumb/v7e-m+fp/hard\libc_nano.a(libc_a-fflush.o)
__sfp                                             c:/tools_stm/arm-gcc/bin/../lib/gcc/arm-none-eabi/12.2.1/thumb/v7e-m+fp/hard\libc_nano.a(libc_a-findfp.o)
__sfp_lock_acquire                                c:/tools_stm/arm-gcc/bin/../lib/gcc/arm-none-eabi/12.2.1/thumb/v7e-m+fp/hard\libc_nano.a(libc_a-findfp.o)
__sfp_lock_release                                c:/tools_stm/arm-gcc/bin/../lib/gcc/arm-none-eabi/12.2.1/thumb/v7e-m+fp/hard\libc_nano.a(libc_a-findfp.o)
__sglue                                           c:/tools_stm/arm-gcc/bin/../lib/gcc/arm-none-eabi/12.2.1/thumb/v7e-m+fp/hard\libc_nano.a(libc_a-findfp.o)
                                                  c:/tools_stm/arm-gcc/bin/../lib/gcc/arm-none-eabi/12.2.1/thumb/v7e-m+fp/hard\libc_nano.a(libc_a-fflush.o)
__sinit                                           c:/tools_stm/arm-gcc/bin/../lib/gcc/arm-none-eabi/12.2.1/thumb/v7e-m+fp/hard\libc_nano.a(libc_a-findfp.o)
                                                  c:/tools_stm/arm-gcc/bin/../lib/gcc/arm-none-eabi/12.2.1/thumb/v7e-m+fp/hard\libc_nano.a(libc_a-fflush.o)
__sread                                           c:/tools_stm/arm-gcc/bin/../lib/gcc/arm-none-eabi/12.2.1/thumb/v7e-m+fp/hard\libc_nano.a(libc_a-stdio.o)
                                                  c:/tools_stm/arm-gcc/bin/../lib/gcc/arm-none-eabi/12.2.1/thumb/v7e-m+fp/hard\libc_nano.a(libc_a-findfp.o)
__sseek                                           c:/tools_stm/arm-gcc/bin/../lib/gcc/arm-none-eabi/12.2.1/thumb/v7e-m+fp/hard\libc_nano.a(libc_a-stdio.o)
                                                  c:/tools_stm/arm-gcc/bin/../lib/gcc/arm-none-eabi/12.2.1/thumb/v7e-m+fp/hard\libc_nano.a(libc_a-findfp.o)
__stack                                           c:/tools_stm/arm-gcc/bin/../lib/gcc/arm-none-eabi/12.2.1/thumb/v7e-m+fp/hard/crt0.o
__stdio_exit_handler                              c:/tools_stm/arm-gcc/bin/../lib/gcc/arm-none-eabi/12.2.1/thumb/v7e-m+fp/hard\libc_nano.a(libc_a-findfp.o)
                                                  c:/tools_stm/arm-gcc/bin/../lib/gcc/arm-none-eabi/12.2.1/thumb/v7e-m+fp/hard\libc_nano.a(libc_a-exit.o)
__swrite                                          c:/tools_stm/arm-gcc/bin/../lib/gcc/arm-none-eabi/12.2.1/thumb/v7e-m+fp/hard\libc_nano.a(libc_a-stdio.o)
                                                  c:/tools_stm/arm-gcc/bin/../lib/gcc/arm-none-eabi/12.2.1/thumb/v7e-m+fp/hard\libc_nano.a(libc_a-findfp.o)
__udivmoddi4                                      c:/tools_stm/arm-gcc/bin/../lib/gcc/arm-none-eabi/12.2.1/thumb/v7e-m+fp/hard\libgcc.a(_udivmoddi4.o)
                                                  c:/tools_stm/arm-gcc/bin/../lib/gcc/arm-none-eabi/12.2.1/thumb/v7e-m+fp/hard\libgcc.a(_aeabi_uldivmod.o)
_close                                            c:/tools_stm/arm-gcc/bin/../lib/gcc/arm-none-eabi/12.2.1/thumb/v7e-m+fp/hard\libnosys.a(close.o)
                                                  c:/tools_stm/arm-gcc/bin/../lib/gcc/arm-none-eabi/12.2.1/thumb/v7e-m+fp/hard\libc_nano.a(libc_a-closer.o)
_close_r                                          c:/tools_stm/arm-gcc/bin/../lib/gcc/arm-none-eabi/12.2.1/thumb/v7e-m+fp/hard\libc_nano.a(libc_a-closer.o)
                                                  c:/tools_stm/arm-gcc/bin/../lib/gcc/arm-none-eabi/12.2.1/thumb/v7e-m+fp/hard\libc_nano.a(libc_a-stdio.o)
_ebss                                             build/startup_stm32f429xx.o
_edata                                            build/startup_stm32f429xx.o
_estack                                           build/startup_stm32f429xx.o
_exit                                             c:/tools_stm/arm-gcc/bin/../lib/gcc/arm-none-eabi/12.2.1/thumb/v7e-m+fp/hard\libnosys.a(_exit.o)
                                                  c:/tools_stm/arm-gcc/bin/../lib/gcc/arm-none-eabi/12.2.1/thumb/v7e-m+fp/hard\libc_nano.a(libc_a-exit.o)
_fflush_r                                         c:/tools_stm/arm-gcc/bin/../lib/gcc/arm-none-eabi/12.2.1/thumb/v7e-m+fp/hard\libc_nano.a(libc_a-fflush.o)
                                                  c:/tools_stm/arm-gcc/bin/../lib/gcc/arm-none-eabi/12.2.1/thumb/v7e-m+fp/hard\libc_nano.a(libc_a-findfp.o)
_fini                                             c:/tools_stm/arm-gcc/bin/../lib/gcc/arm-none-eabi/12.2.1/thumb/v7e-m+fp/hard/crti.o
_free_r                                           c:/tools_stm/arm-gcc/bin/../lib/gcc/arm-none-eabi/12.2.1/thumb/v7e-m+fp/hard\libc_nano.a(libc_a-freer.o)
                                                  c:/tools_stm/arm-gcc/bin/../lib/gcc/arm-none-eabi/12.2.1/thumb/v7e-m+fp/hard\libc_nano.a(libc_a-fflush.o)
                                                  c:/tools_stm/arm-gcc/bin/../lib/gcc/arm-none-eabi/12.2.1/thumb/v7e-m+fp/hard\libc_nano.a(libc_a-reent.o)
_fwalk_sglue                                      c:/tools_stm/arm-gcc/bin/../lib/gcc/arm-none-eabi/12.2.1/thumb/v7e-m+fp/hard\libc_nano.a(libc_a-fwalk.o)
                                                  c:/tools_stm/arm-gcc/bin/../lib/gcc/arm-none-eabi/12.2.1/thumb/v7e-m+fp/hard\libc_nano.a(libc_a-fflush.o)
                                                  c:/tools_stm/arm-gcc/bin/../lib/gcc/arm-none-eabi/12.2.1/thumb/v7e-m+fp/hard\libc_nano.a(libc_a-findfp.o)
_impure_data                                      c:/tools_stm/arm-gcc/bin/../lib/gcc/arm-none-eabi/12.2.1/thumb/v7e-m+fp/hard\libc_nano.a(libc_a-impure.o)
                                                  c:/tools_stm/arm-gcc/bin/../lib/gcc/arm-none-eabi/12.2.1/thumb/v7e-m+fp/hard\libc_nano.a(libc_a-fflush.o)
                                                  c:/tools_stm/arm-gcc/bin/../lib/gcc/arm-none-eabi/12.2.1/thumb/v7e-m+fp/hard\libc_nano.a(libc_a-findfp.o)
_impure_ptr                                       c:/tools_stm/arm-gcc/bin/../lib/gcc/arm-none-eabi/12.2.1/thumb/v7e-m+fp/hard\libc_nano.a(libc_a-impure.o)
                                                  c:/tools_stm/arm-gcc/bin/../lib/gcc/arm-none-eabi/12.2.1/thumb/v7e-m+fp/hard\libc_nano.a(libc_a-fflush.o)
                                                  c:/tools_stm/arm-gcc/bin/../lib/gcc/arm-none-eabi/12.2.1/thumb/v7e-m+fp/hard\libc_nano.a(libc_a-reent.o)
_init                                             c:/tools_stm/arm-gcc/bin/../lib/gcc/arm-none-eabi/12.2.1/thumb/v7e-m+fp/hard/crti.o
                                                  c:/tools_stm/arm-gcc/bin/../lib/gcc/arm-none-eabi/12.2.1/thumb/v7e-m+fp/hard\libc_nano.a(libc_a-init.o)
_lseek                                            c:/tools_stm/arm-gcc/bin/../lib/gcc/arm-none-eabi/12.2.1/thumb/v7e-m+fp/hard\libnosys.a(lseek.o)
                                                  c:/tools_stm/arm-gcc/bin/../lib/gcc/arm-none-eabi/12.2.1/thumb/v7e-m+fp/hard\libc_nano.a(libc_a-lseekr.o)
_lseek_r                                          c:/tools_stm/arm-gcc/bin/../lib/gcc/arm-none-eabi/12.2.1/thumb/v7e-m+fp/hard\libc_nano.a(libc_a-lseekr.o)
                                                  c:/tools_stm/arm-gcc/bin/../lib/gcc/arm-none-eabi/12.2.1/thumb/v7e-m+fp/hard\libc_nano.a(libc_a-stdio.o)
_mainCRTStartup                                   c:/tools_stm/arm-gcc/bin/../lib/gcc/arm-none-eabi/12.2.1/thumb/v7e-m+fp/hard/crt0.o
_malloc_r                                         c:/tools_stm/arm-gcc/bin/../lib/gcc/arm-none-eabi/12.2.1/thumb/v7e-m+fp/hard\libc_nano.a(libc_a-mallocr.o)
                                                  c:/tools_stm/arm-gcc/bin/../lib/gcc/arm-none-eabi/12.2.1/thumb/v7e-m+fp/hard\libc_nano.a(libc_a-findfp.o)
_read                                             c:/tools_stm/arm-gcc/bin/../lib/gcc/arm-none-eabi/12.2.1/thumb/v7e-m+fp/hard\libnosys.a(read.o)
                                                  c:/tools_stm/arm-gcc/bin/../lib/gcc/arm-none-eabi/12.2.1/thumb/v7e-m+fp/hard\libc_nano.a(libc_a-readr.o)
_read_r                                           c:/tools_stm/arm-gcc/bin/../lib/gcc/arm-none-eabi/12.2.1/thumb/v7e-m+fp/hard\libc_nano.a(libc_a-readr.o)
                                                  c:/tools_stm/arm-gcc/bin/../lib/gcc/arm-none-eabi/12.2.1/thumb/v7e-m+fp/hard\libc_nano.a(libc_a-stdio.o)
_reclaim_reent                                    c:/tools_stm/arm-gcc/bin/../lib/gcc/arm-none-eabi/12.2.1/thumb/v7e-m+fp/hard\libc_nano.a(libc_a-reent.o)
_sbrk                                             c:/tools_stm/arm-gcc/bin/../lib/gcc/arm-none-eabi/12.2.1/thumb/v7e-m+fp/hard\libnosys.a(sbrk.o)
                                                  c:/tools_stm/arm-gcc/bin/../lib/gcc/arm-none-eabi/12.2.1/thumb/v7e-m+fp/hard\libc_nano.a(libc_a-sbrkr.o)
_sbrk_r                                           c:/tools_stm/arm-gcc/bin/../lib/gcc/arm-none-eabi/12.2.1/thumb/v7e-m+fp/hard\libc_nano.a(libc_a-sbrkr.o)
                                                  c:/tools_stm/arm-gcc/bin/../lib/gcc/arm-none-eabi/12.2.1/thumb/v7e-m+fp/hard\libc_nano.a(libc_a-mallocr.o)
_sbss                                             build/startup_stm32f429xx.o
_sdata                                            build/startup_stm32f429xx.o
_sidata                                           build/startup_stm32f429xx.o
_stack_init                                       c:/tools_stm/arm-gcc/bin/../lib/gcc/arm-none-eabi/12.2.1/thumb/v7e-m+fp/hard/crt0.o
_start                                            c:/tools_stm/arm-gcc/bin/../lib/gcc/arm-none-eabi/12.2.1/thumb/v7e-m+fp/hard/crt0.o
_write                                            c:/tools_stm/arm-gcc/bin/../lib/gcc/arm-none-eabi/12.2.1/thumb/v7e-m+fp/hard\libnosys.a(write.o)
                                                  c:/tools_stm/arm-gcc/bin/../lib/gcc/arm-none-eabi/12.2.1/thumb/v7e-m+fp/hard\libc_nano.a(libc_a-writer.o)
_write_r                                          c:/tools_stm/arm-gcc/bin/../lib/gcc/arm-none-eabi/12.2.1/thumb/v7e-m+fp/hard\libc_nano.a(libc_a-writer.o)
                                                  c:/tools_stm/arm-gcc/bin/../lib/gcc/arm-none-eabi/12.2.1/thumb/v7e-m+fp/hard\libc_nano.a(libc_a-stdio.o)